---
source: mars-core/src/sneaky_matrix.rs
expression: adds1
---
[
  [
    3,
    2
  ],
  [
    3,
    0
  ],
  [
    4,
    2
  ],
  [
    4,
    1
  ],
  [
    4,
    0
  ],
  [
    8,
    7
  ],
  [
    8,
    0
  ],
  [
    10,
    9
  ],
  [
    10,
    5
  ],
  [
    11,
    9
  ],
  [
    11,
    6
  ],
  [
    11,
    5
  ],
  [
    13,
    12
  ],
  [
    13,
    7
  ],
  [
    13,
    0
  ],
  [
    16,
    15
  ],
  [
    16,
    14
  ],
  [
    18,
    17
  ],
  [
    18,
    1
  ],
  [
    20,
    19
  ],
  [
    20,
    15
  ],
  [
    20,
    14
  ],
  [
    22,
    21
  ],
  [
    22,
    5
  ],
  [
    24,
    23
  ],
  [
    24,
    21
  ],
  [
    24,
    5
  ],
  [
    26,
    25
  ],
  [
    26,
    17
  ],
  [
    26,
    1
  ],
  [
    28,
    27
  ],
  [
    28,
    12
  ],
  [
    28,
    7
  ],
  [
    28,
    6
  ],
  [
    29,
    27
  ],
  [
    29,
    12
  ],
  [
    29,
    7
  ],
  [
    29,
    28
  ],
  [
    30,
    27
  ],
  [
    30,
    12
  ],
  [
    30,
    7
  ],
  [
    30,
    0
  ],
  [
    32,
    31
  ],
  [
    32,
    27
  ],
  [
    32,
    12
  ],
  [
    32,
    7
  ],
  [
    32,
    2
  ],
  [
    32,
    0
  ],
  [
    33,
    31
  ],
  [
    33,
    6
  ],
  [
    33,
    2
  ],
  [
    33,
    28
  ],
  [
    33,
    0
  ],
  [
    34,
    31
  ],
  [
    34,
    2
  ],
  [
    36,
    35
  ],
  [
    36,
    23
  ],
  [
    38,
    37
  ],
  [
    38,
    7
  ],
  [
    39,
    37
  ],
  [
    39,
    17
  ],
  [
    39,
    7
  ],
  [
    42,
    41
  ],
  [
    42,
    25
  ],
  [
    43,
    40
  ],
  [
    43,
    41
  ],
  [
    43,
    25
  ],
  [
    44,
    41
  ],
  [
    44,
    25
  ],
  [
    44,
    43
  ],
  [
    48,
    47
  ],
  [
    48,
    15
  ],
  [
    48,
    43
  ],
  [
    48,
    2
  ],
  [
    48,
    1
  ],
  [
    48,
    0
  ],
  [
    49,
    47
  ],
  [
    49,
    43
  ],
  [
    49,
    2
  ],
  [
    49,
    1
  ],
  [
    49,
    0
  ],
  [
    50,
    47
  ],
  [
    50,
    41
  ],
  [
    50,
    25
  ],
  [
    50,
    2
  ],
  [
    50,
    1
  ],
  [
    50,
    0
  ],
  [
    51,
    47
  ],
  [
    51,
    2
  ],
  [
    51,
    1
  ],
  [
    51,
    0
  ],
  [
    53,
    52
  ],
  [
    53,
    14
  ],
  [
    54,
    52
  ],
  [
    54,
    40
  ],
  [
    54,
    41
  ],
  [
    54,
    25
  ],
  [
    54,
    14
  ],
  [
    54,
    43
  ],
  [
    56,
    55
  ],
  [
    56,
    45
  ],
  [
    57,
    55
  ],
  [
    57,
    46
  ],
  [
    57,
    45
  ],
  [
    59,
    58
  ],
  [
    59,
    9
  ],
  [
    60,
    58
  ],
  [
    60,
    35
  ],
  [
    60,
    9
  ],
  [
    62,
    61
  ],
  [
    62,
    27
  ],
  [
    62,
    21
  ],
  [
    62,
    12
  ],
  [
    62,
    7
  ],
  [
    62,
    28
  ],
  [
    63,
    61
  ],
  [
    63,
    21
  ],
  [
    63,
    12
  ],
  [
    63,
    7
  ],
  [
    63,
    28
  ],
  [
    64,
    61
  ],
  [
    64,
    21
  ],
  [
    67,
    66
  ],
  [
    67,
    19
  ],
  [
    68,
    65
  ],
  [
    68,
    15
  ],
  [
    68,
    43
  ],
  [
    68,
    6
  ],
  [
    68,
    28
  ],
  [
    68,
    1
  ],
  [
    69,
    65
  ],
  [
    69,
    31
  ],
  [
    69,
    15
  ],
  [
    69,
    43
  ],
  [
    69,
    2
  ],
  [
    69,
    1
  ],
  [
    69,
    0
  ],
  [
    70,
    65
  ],
  [
    70,
    19
  ],
  [
    70,
    15
  ],
  [
    70,
    14
  ],
  [
    73,
    72
  ],
  [
    73,
    66
  ],
  [
    73,
    19
  ],
  [
    75,
    74
  ],
  [
    75,
    72
  ],
  [
    76,
    74
  ],
  [
    76,
    72
  ],
  [
    76,
    65
  ],
  [
    76,
    19
  ],
  [
    76,
    15
  ],
  [
    76,
    14
  ],
  [
    77,
    74
  ],
  [
    77,
    72
  ],
  [
    77,
    19
  ],
  [
    77,
    14
  ],
  [
    77,
    43
  ],
  [
    77,
    6
  ],
  [
    77,
    28
  ],
  [
    77,
    1
  ],
  [
    78,
    74
  ],
  [
    78,
    72
  ],
  [
    78,
    19
  ],
  [
    78,
    14
  ],
  [
    78,
    9
  ],
  [
    78,
    43
  ],
  [
    78,
    5
  ],
  [
    78,
    28
  ],
  [
    78,
    1
  ],
  [
    80,
    79
  ],
  [
    80,
    35
  ],
  [
    80,
    23
  ],
  [
    82,
    81
  ],
  [
    82,
    71
  ],
  [
    84,
    83
  ],
  [
    84,
    81
  ],
  [
    84,
    71
  ],
  [
    86,
    85
  ],
  [
    86,
    46
  ],
  [
    87,
    85
  ],
  [
    87,
    46
  ],
  [
    88,
    85
  ],
  [
    88,
    46
  ],
  [
    88,
    87
  ],
  [
    88,
    12
  ],
  [
    90,
    89
  ],
  [
    90,
    45
  ],
  [
    92,
    91
  ],
  [
    92,
    40
  ],
  [
    93,
    91
  ],
  [
    93,
    41
  ],
  [
    95,
    94
  ],
  [
    95,
    85
  ],
  [
    98,
    94
  ],
  [
    98,
    85
  ],
  [
    98,
    46
  ],
  [
    98,
    87
  ],
  [
    99,
    94
  ],
  [
    99,
    85
  ],
  [
    99,
    61
  ],
  [
    99,
    46
  ],
  [
    99,
    87
  ],
  [
    99,
    21
  ],
  [
    99,
    12
  ],
  [
    99,
    7
  ],
  [
    99,
    28
  ],
  [
    100,
    97
  ],
  [
    100,
    89
  ],
  [
    100,
    45
  ],
  [
    103,
    102
  ],
  [
    103,
    71
  ],
  [
    104,
    102
  ],
  [
    104,
    101
  ],
  [
    104,
    71
  ],
  [
    106,
    105
  ],
  [
    106,
    96
  ],
  [
    109,
    108
  ],
  [
    109,
    97
  ],
  [
    110,
    107
  ],
  [
    110,
    46
  ],
  [
    110,
    87
  ],
  [
    110,
    21
  ],
  [
    110,
    12
  ],
  [
    110,
    7
  ],
  [
    110,
    28
  ],
  [
    111,
    107
  ],
  [
    111,
    94
  ],
  [
    111,
    85
  ],
  [
    111,
    46
  ],
  [
    111,
    87
  ],
  [
    111,
    21
  ],
  [
    111,
    12
  ],
  [
    111,
    7
  ],
  [
    111,
    28
  ],
  [
    112,
    107
  ],
  [
    112,
    23
  ],
  [
    112,
    21
  ],
  [
    112,
    5
  ],
  [
    114,
    113
  ],
  [
    114,
    101
  ],
  [
    115,
    113
  ],
  [
    115,
    101
  ],
  [
    115,
    114
  ],
  [
    115,
    25
  ],
  [
    115,
    17
  ],
  [
    115,
    1
  ],
  [
    116,
    113
  ],
  [
    116,
    101
  ],
  [
    118,
    117
  ],
  [
    118,
    65
  ],
  [
    119,
    117
  ],
  [
    119,
    15
  ],
  [
    119,
    43
  ],
  [
    119,
    2
  ],
  [
    119,
    1
  ],
  [
    119,
    0
  ],
  [
    120,
    117
  ],
  [
    120,
    47
  ],
  [
    120,
    15
  ],
  [
    120,
    43
  ],
  [
    120,
    2
  ],
  [
    120,
    1
  ],
  [
    120,
    0
  ],
  [
    121,
    117
  ],
  [
    121,
    31
  ],
  [
    121,
    15
  ],
  [
    121,
    43
  ],
  [
    121,
    2
  ],
  [
    121,
    1
  ],
  [
    121,
    0
  ],
  [
    123,
    122
  ],
  [
    123,
    52
  ],
  [
    125,
    122
  ],
  [
    125,
    66
  ],
  [
    125,
    52
  ],
  [
    126,
    124
  ],
  [
    126,
    105
  ],
  [
    128,
    127
  ],
  [
    128,
    55
  ],
  [
    129,
    127
  ],
  [
    129,
    108
  ],
  [
    129,
    55
  ],
  [
    131,
    130
  ],
  [
    131,
    79
  ],
  [
    132,
    130
  ],
  [
    132,
    107
  ],
  [
    132,
    79
  ],
  [
    132,
    23
  ],
  [
    132,
    21
  ],
  [
    132,
    5
  ],
  [
    133,
    130
  ],
  [
    133,
    79
  ],
  [
    133,
    46
  ],
  [
    133,
    87
  ],
  [
    133,
    23
  ],
  [
    133,
    12
  ],
  [
    133,
    7
  ],
  [
    133,
    5
  ],
  [
    133,
    28
  ],
  [
    134,
    130
  ],
  [
    134,
    79
  ],
  [
    134,
    55
  ],
  [
    134,
    45
  ],
  [
    134,
    87
  ],
  [
    134,
    23
  ],
  [
    134,
    12
  ],
  [
    134,
    7
  ],
  [
    134,
    5
  ],
  [
    134,
    28
  ],
  [
    137,
    136
  ],
  [
    137,
    83
  ],
  [
    138,
    135
  ],
  [
    138,
    91
  ],
  [
    138,
    81
  ],
  [
    138,
    114
  ],
  [
    138,
    41
  ],
  [
    138,
    25
  ],
  [
    138,
    17
  ],
  [
    138,
    1
  ],
  [
    139,
    135
  ],
  [
    139,
    81
  ],
  [
    139,
    114
  ],
  [
    139,
    25
  ],
  [
    139,
    17
  ],
  [
    139,
    1
  ],
  [
    140,
    135
  ],
  [
    140,
    113
  ],
  [
    140,
    101
  ],
  [
    140,
    81
  ],
  [
    141,
    135
  ],
  [
    141,
    81
  ],
  [
    144,
    143
  ],
  [
    144,
    74
  ],
  [
    145,
    143
  ],
  [
    145,
    72
  ],
  [
    145,
    58
  ],
  [
    145,
    19
  ],
  [
    145,
    14
  ],
  [
    145,
    9
  ],
  [
    145,
    43
  ],
  [
    145,
    5
  ],
  [
    145,
    28
  ],
  [
    145,
    1
  ],
  [
    146,
    143
  ],
  [
    146,
    72
  ],
  [
    146,
    19
  ],
  [
    146,
    14
  ],
  [
    146,
    9
  ],
  [
    146,
    43
  ],
  [
    146,
    5
  ],
  [
    146,
    28
  ],
  [
    146,
    1
  ],
  [
    148,
    147
  ],
  [
    148,
    142
  ],
  [
    149,
    147
  ],
  [
    149,
    142
  ],
  [
    149,
    96
  ],
  [
    152,
    151
  ],
  [
    152,
    142
  ],
  [
    153,
    150
  ],
  [
    153,
    89
  ],
  [
    153,
    37
  ],
  [
    153,
    87
  ],
  [
    153,
    12
  ],
  [
    154,
    150
  ],
  [
    154,
    89
  ],
  [
    154,
    87
  ],
  [
    154,
    12
  ],
  [
    155,
    150
  ],
  [
    155,
    89
  ],
  [
    155,
    85
  ],
  [
    155,
    46
  ],
  [
    156,
    150
  ],
  [
    156,
    89
  ],
  [
    158,
    157
  ],
  [
    158,
    136
  ],
  [
    158,
    83
  ],
  [
    160,
    159
  ],
  [
    160,
    113
  ],
  [
    161,
    159
  ],
  [
    161,
    113
  ],
  [
    161,
    101
  ],
  [
    161,
    114
  ],
  [
    162,
    159
  ],
  [
    162,
    113
  ],
  [
    162,
    101
  ],
  [
    162,
    114
  ],
  [
    162,
    37
  ],
  [
    162,
    17
  ],
  [
    162,
    7
  ],
  [
    164,
    163
  ],
  [
    164,
    81
  ],
  [
    164,
    114
  ],
  [
    164,
    40
  ],
  [
    164,
    41
  ],
  [
    164,
    25
  ],
  [
    164,
    17
  ],
  [
    164,
    1
  ],
  [
    165,
    163
  ],
  [
    165,
    91
  ],
  [
    165,
    81
  ],
  [
    165,
    114
  ],
  [
    165,
    41
  ],
  [
    165,
    25
  ],
  [
    165,
    17
  ],
  [
    165,
    1
  ],
  [
    166,
    163
  ],
  [
    166,
    83
  ],
  [
    166,
    81
  ],
  [
    166,
    71
  ],
  [
    168,
    167
  ],
  [
    168,
    157
  ],
  [
    169,
    167
  ],
  [
    169,
    163
  ],
  [
    169,
    157
  ],
  [
    169,
    83
  ],
  [
    169,
    81
  ],
  [
    169,
    71
  ],
  [
    170,
    167
  ],
  [
    170,
    157
  ],
  [
    170,
    83
  ],
  [
    170,
    71
  ],
  [
    170,
    114
  ],
  [
    170,
    40
  ],
  [
    170,
    41
  ],
  [
    170,
    25
  ],
  [
    170,
    17
  ],
  [
    170,
    1
  ],
  [
    171,
    167
  ],
  [
    171,
    157
  ],
  [
    171,
    83
  ],
  [
    171,
    71
  ],
  [
    171,
    114
  ],
  [
    171,
    52
  ],
  [
    171,
    17
  ],
  [
    171,
    14
  ],
  [
    171,
    43
  ],
  [
    171,
    1
  ],
  [
    173,
    172
  ],
  [
    173,
    151
  ],
  [
    174,
    172
  ],
  [
    174,
    151
  ],
  [
    174,
    105
  ],
  [
    174,
    96
  ],
  [
    176,
    175
  ],
  [
    176,
    107
  ],
  [
    177,
    175
  ],
  [
    177,
    61
  ],
  [
    180,
    179
  ],
  [
    180,
    79
  ],
  [
    180,
    35
  ],
  [
    180,
    23
  ],
  [
    181,
    178
  ],
  [
    181,
    108
  ],
  [
    181,
    97
  ],
  [
    182,
    179
  ],
  [
    182,
    96
  ],
  [
    183,
    179
  ],
  [
    183,
    124
  ],
  [
    183,
    105
  ],
  [
    183,
    96
  ],
  [
    183,
    182
  ],
  [
    184,
    175
  ],
  [
    184,
    94
  ],
  [
    184,
    85
  ],
  [
    184,
    46
  ],
  [
    184,
    87
  ],
  [
    184,
    21
  ],
  [
    184,
    12
  ],
  [
    184,
    7
  ],
  [
    184,
    28
  ],
  [
    186,
    185
  ],
  [
    186,
    102
  ],
  [
    187,
    185
  ],
  [
    187,
    136
  ],
  [
    187,
    102
  ],
  [
    189,
    188
  ],
  [
    189,
    130
  ],
  [
    191,
    190
  ],
  [
    191,
    179
  ],
  [
    192,
    190
  ],
  [
    192,
    58
  ],
  [
    192,
    35
  ],
  [
    192,
    9
  ],
  [
    193,
    190
  ],
  [
    193,
    124
  ],
  [
    193,
    105
  ],
  [
    193,
    96
  ],
  [
    193,
    182
  ],
  [
    194,
    188
  ],
  [
    194,
    127
  ],
  [
    194,
    79
  ],
  [
    194,
    55
  ],
  [
    194,
    45
  ],
  [
    194,
    87
  ],
  [
    194,
    23
  ],
  [
    194,
    12
  ],
  [
    194,
    7
  ],
  [
    194,
    5
  ],
  [
    194,
    28
  ],
  [
    195,
    188
  ],
  [
    195,
    79
  ],
  [
    195,
    55
  ],
  [
    195,
    45
  ],
  [
    195,
    87
  ],
  [
    195,
    23
  ],
  [
    195,
    12
  ],
  [
    195,
    7
  ],
  [
    195,
    5
  ],
  [
    195,
    28
  ],
  [
    197,
    196
  ],
  [
    197,
    124
  ],
  [
    198,
    196
  ],
  [
    198,
    124
  ],
  [
    198,
    105
  ],
  [
    198,
    96
  ],
  [
    198,
    182
  ],
  [
    198,
    66
  ],
  [
    198,
    35
  ],
  [
    198,
    14
  ],
  [
    198,
    43
  ],
  [
    198,
    5
  ],
  [
    198,
    28
  ],
  [
    198,
    1
  ],
  [
    199,
    196
  ],
  [
    199,
    124
  ],
  [
    199,
    105
  ],
  [
    199,
    96
  ],
  [
    199,
    182
  ],
  [
    199,
    72
  ],
  [
    199,
    35
  ],
  [
    199,
    19
  ],
  [
    199,
    14
  ],
  [
    199,
    43
  ],
  [
    199,
    5
  ],
  [
    199,
    28
  ],
  [
    199,
    1
  ],
  [
    201,
    200
  ],
  [
    201,
    151
  ],
  [
    201,
    142
  ],
  [
    203,
    202
  ],
  [
    203,
    196
  ],
  [
    204,
    202
  ],
  [
    204,
    143
  ],
  [
    204,
    124
  ],
  [
    204,
    105
  ],
  [
    204,
    96
  ],
  [
    204,
    182
  ],
  [
    204,
    72
  ],
  [
    204,
    35
  ],
  [
    204,
    19
  ],
  [
    204,
    14
  ],
  [
    204,
    43
  ],
  [
    204,
    5
  ],
  [
    204,
    28
  ],
  [
    204,
    1
  ],
  [
    205,
    202
  ],
  [
    205,
    124
  ],
  [
    205,
    105
  ],
  [
    205,
    96
  ],
  [
    205,
    182
  ],
  [
    205,
    72
  ],
  [
    205,
    35
  ],
  [
    205,
    19
  ],
  [
    205,
    14
  ],
  [
    205,
    43
  ],
  [
    205,
    5
  ],
  [
    205,
    28
  ],
  [
    205,
    1
  ],
  [
    206,
    202
  ],
  [
    206,
    190
  ],
  [
    206,
    124
  ],
  [
    206,
    105
  ],
  [
    206,
    96
  ],
  [
    206,
    182
  ],
  [
    209,
    208
  ],
  [
    209,
    188
  ],
  [
    210,
    208
  ],
  [
    210,
    188
  ],
  [
    210,
    179
  ],
  [
    210,
    79
  ],
  [
    210,
    35
  ],
  [
    210,
    23
  ],
  [
    211,
    208
  ],
  [
    211,
    188
  ],
  [
    211,
    96
  ],
  [
    211,
    182
  ],
  [
    211,
    79
  ],
  [
    211,
    35
  ],
  [
    211,
    23
  ],
  [
    212,
    208
  ],
  [
    212,
    188
  ],
  [
    212,
    147
  ],
  [
    212,
    142
  ],
  [
    212,
    182
  ],
  [
    212,
    79
  ],
  [
    212,
    35
  ],
  [
    212,
    23
  ],
  [
    213,
    207
  ],
  [
    213,
    101
  ],
  [
    213,
    89
  ],
  [
    213,
    114
  ],
  [
    213,
    87
  ],
  [
    213,
    17
  ],
  [
    213,
    12
  ],
  [
    213,
    7
  ],
  [
    214,
    207
  ],
  [
    214,
    159
  ],
  [
    214,
    113
  ],
  [
    214,
    101
  ],
  [
    214,
    89
  ],
  [
    214,
    114
  ],
  [
    214,
    87
  ],
  [
    214,
    17
  ],
  [
    214,
    12
  ],
  [
    214,
    7
  ],
  [
    215,
    207
  ],
  [
    215,
    97
  ],
  [
    215,
    89
  ],
  [
    215,
    45
  ],
  [
    217,
    216
  ],
  [
    217,
    163
  ],
  [
    218,
    216
  ],
  [
    218,
    135
  ],
  [
    219,
    216
  ],
  [
    219,
    91
  ],
  [
    219,
    81
  ],
  [
    219,
    114
  ],
  [
    219,
    41
  ],
  [
    219,
    25
  ],
  [
    219,
    17
  ],
  [
    219,
    1
  ],
  [
    221,
    220
  ],
  [
    221,
    178
  ],
  [
    222,
    220
  ],
  [
    222,
    207
  ],
  [
    222,
    178
  ],
  [
    222,
    97
  ],
  [
    222,
    89
  ],
  [
    222,
    45
  ],
  [
    223,
    220
  ],
  [
    223,
    178
  ],
  [
    223,
    101
  ],
  [
    223,
    97
  ],
  [
    223,
    114
  ],
  [
    223,
    45
  ],
  [
    223,
    87
  ],
  [
    223,
    17
  ],
  [
    223,
    12
  ],
  [
    223,
    7
  ],
  [
    224,
    220
  ],
  [
    224,
    178
  ],
  [
    224,
    102
  ],
  [
    224,
    97
  ],
  [
    224,
    71
  ],
  [
    224,
    114
  ],
  [
    224,
    45
  ],
  [
    224,
    87
  ],
  [
    224,
    17
  ],
  [
    224,
    12
  ],
  [
    224,
    7
  ],
  [
    226,
    225
  ],
  [
    226,
    167
  ],
  [
    227,
    225
  ],
  [
    227,
    157
  ],
  [
    227,
    122
  ],
  [
    227,
    83
  ],
  [
    227,
    71
  ],
  [
    227,
    114
  ],
  [
    227,
    52
  ],
  [
    227,
    17
  ],
  [
    227,
    14
  ],
  [
    227,
    43
  ],
  [
    227,
    1
  ],
  [
    228,
    225
  ],
  [
    228,
    157
  ],
  [
    228,
    83
  ],
  [
    228,
    71
  ],
  [
    228,
    114
  ],
  [
    228,
    52
  ],
  [
    228,
    17
  ],
  [
    228,
    14
  ],
  [
    228,
    43
  ],
  [
    228,
    1
  ],
  [
    230,
    229
  ],
  [
    230,
    178
  ],
  [
    230,
    108
  ],
  [
    230,
    97
  ],
  [
    231,
    229
  ],
  [
    231,
    200
  ],
  [
    231,
    142
  ],
  [
    231,
    108
  ],
  [
    231,
    182
  ],
  [
    231,
    45
  ],
  [
    231,
    35
  ],
  [
    231,
    87
  ],
  [
    231,
    12
  ],
  [
    231,
    7
  ],
  [
    231,
    5
  ],
  [
    231,
    28
  ],
  [
    232,
    229
  ],
  [
    232,
    142
  ],
  [
    232,
    108
  ],
  [
    232,
    182
  ],
  [
    232,
    45
  ],
  [
    232,
    35
  ],
  [
    232,
    87
  ],
  [
    232,
    12
  ],
  [
    232,
    7
  ],
  [
    232,
    5
  ],
  [
    232,
    28
  ],
  [
    234,
    233
  ],
  [
    234,
    172
  ],
  [
    234,
    151
  ],
  [
    234,
    182
  ],
  [
    234,
    66
  ],
  [
    234,
    35
  ],
  [
    234,
    14
  ],
  [
    234,
    43
  ],
  [
    234,
    5
  ],
  [
    234,
    28
  ],
  [
    234,
    1
  ],
  [
    235,
    233
  ],
  [
    235,
    196
  ],
  [
    235,
    172
  ],
  [
    235,
    151
  ],
  [
    235,
    124
  ],
  [
    235,
    105
  ],
  [
    235,
    96
  ],
  [
    236,
    233
  ],
  [
    236,
    172
  ],
  [
    236,
    151
  ],
  [
    236,
    122
  ],
  [
    236,
    182
  ],
  [
    236,
    52
  ],
  [
    236,
    35
  ],
  [
    236,
    14
  ],
  [
    236,
    43
  ],
  [
    236,
    5
  ],
  [
    236,
    28
  ],
  [
    236,
    1
  ],
  [
    238,
    237
  ],
  [
    238,
    229
  ],
  [
    239,
    237
  ],
  [
    239,
    127
  ],
  [
    239,
    108
  ],
  [
    239,
    55
  ],
  [
    240,
    237
  ],
  [
    240,
    147
  ],
  [
    240,
    142
  ],
  [
    240,
    108
  ],
  [
    240,
    182
  ],
  [
    240,
    45
  ],
  [
    240,
    35
  ],
  [
    240,
    87
  ],
  [
    240,
    12
  ],
  [
    240,
    7
  ],
  [
    240,
    5
  ],
  [
    240,
    28
  ],
  [
    241,
    237
  ],
  [
    241,
    142
  ],
  [
    241,
    108
  ],
  [
    241,
    182
  ],
  [
    241,
    45
  ],
  [
    241,
    35
  ],
  [
    241,
    87
  ],
  [
    241,
    12
  ],
  [
    241,
    7
  ],
  [
    241,
    5
  ],
  [
    241,
    28
  ],
  [
    242,
    233
  ],
  [
    242,
    172
  ],
  [
    242,
    151
  ],
  [
    242,
    105
  ],
  [
    242,
    96
  ],
  [
    244,
    243
  ],
  [
    244,
    207
  ],
  [
    245,
    243
  ],
  [
    245,
    150
  ],
  [
    247,
    246
  ],
  [
    247,
    200
  ],
  [
    247,
    142
  ],
  [
    247,
    136
  ],
  [
    247,
    182
  ],
  [
    247,
    71
  ],
  [
    247,
    114
  ],
  [
    247,
    35
  ],
  [
    247,
    17
  ],
  [
    247,
    5
  ],
  [
    247,
    28
  ],
  [
    248,
    246
  ],
  [
    248,
    200
  ],
  [
    248,
    157
  ],
  [
    248,
    142
  ],
  [
    248,
    182
  ],
  [
    248,
    83
  ],
  [
    248,
    71
  ],
  [
    248,
    114
  ],
  [
    248,
    35
  ],
  [
    248,
    17
  ],
  [
    248,
    5
  ],
  [
    248,
    28
  ],
  [
    249,
    243
  ],
  [
    249,
    89
  ],
  [
    249,
    37
  ],
  [
    249,
    87
  ],
  [
    249,
    12
  ],
  [
    250,
    243
  ],
  [
    250,
    159
  ],
  [
    250,
    113
  ],
  [
    250,
    101
  ],
  [
    250,
    89
  ],
  [
    250,
    114
  ],
  [
    250,
    87
  ],
  [
    250,
    17
  ],
  [
    250,
    12
  ],
  [
    250,
    7
  ],
  [
    251,
    246
  ],
  [
    251,
    200
  ],
  [
    251,
    151
  ],
  [
    251,
    142
  ],
  [
    253,
    252
  ],
  [
    253,
    190
  ],
  [
    253,
    58
  ],
  [
    253,
    35
  ],
  [
    253,
    9
  ],
  [
    254,
    252
  ],
  [
    254,
    202
  ],
  [
    254,
    124
  ],
  [
    254,
    105
  ],
  [
    254,
    96
  ],
  [
    254,
    182
  ],
  [
    254,
    58
  ],
  [
    254,
    35
  ],
  [
    254,
    9
  ],
  [
    255,
    252
  ],
  [
    255,
    143
  ],
  [
    255,
    72
  ],
  [
    255,
    58
  ],
  [
    255,
    19
  ],
  [
    255,
    14
  ],
  [
    255,
    9
  ],
  [
    255,
    43
  ],
  [
    255,
    5
  ],
  [
    255,
    28
  ],
  [
    255,
    1
  ],
  [
    257,
    256
  ],
  [
    257,
    225
  ],
  [
    257,
    172
  ],
  [
    257,
    157
  ],
  [
    257,
    151
  ],
  [
    257,
    182
  ],
  [
    257,
    83
  ],
  [
    257,
    71
  ],
  [
    257,
    114
  ],
  [
    257,
    35
  ],
  [
    257,
    17
  ],
  [
    257,
    5
  ],
  [
    257,
    28
  ],
  [
    258,
    256
  ],
  [
    258,
    172
  ],
  [
    258,
    157
  ],
  [
    258,
    151
  ],
  [
    258,
    182
  ],
  [
    258,
    83
  ],
  [
    258,
    71
  ],
  [
    258,
    114
  ],
  [
    258,
    35
  ],
  [
    258,
    17
  ],
  [
    258,
    5
  ],
  [
    258,
    28
  ],
  [
    259,
    256
  ],
  [
    259,
    246
  ],
  [
    259,
    200
  ],
  [
    259,
    172
  ],
  [
    259,
    151
  ],
  [
    259,
    142
  ],
  [
    260,
    256
  ],
  [
    260,
    172
  ],
  [
    262,
    261
  ],
  [
    262,
    220
  ],
  [
    263,
    261
  ],
  [
    263,
    185
  ],
  [
    263,
    178
  ],
  [
    263,
    102
  ],
  [
    263,
    97
  ],
  [
    263,
    71
  ],
  [
    263,
    114
  ],
  [
    263,
    45
  ],
  [
    263,
    87
  ],
  [
    263,
    17
  ],
  [
    263,
    12
  ],
  [
    263,
    7
  ],
  [
    264,
    261
  ],
  [
    264,
    178
  ],
  [
    264,
    102
  ],
  [
    264,
    97
  ],
  [
    264,
    71
  ],
  [
    264,
    114
  ],
  [
    264,
    45
  ],
  [
    264,
    87
  ],
  [
    264,
    17
  ],
  [
    264,
    12
  ],
  [
    264,
    7
  ],
  [
    266,
    265
  ],
  [
    266,
    261
  ],
  [
    267,
    265
  ],
  [
    267,
    261
  ],
  [
    267,
    229
  ],
  [
    267,
    178
  ],
  [
    267,
    108
  ],
  [
    267,
    97
  ],
  [
    268,
    265
  ],
  [
    268,
    261
  ],
  [
    268,
    200
  ],
  [
    268,
    178
  ],
  [
    268,
    142
  ],
  [
    268,
    97
  ],
  [
    268,
    182
  ],
  [
    268,
    45
  ],
  [
    268,
    35
  ],
  [
    268,
    87
  ],
  [
    268,
    12
  ],
  [
    268,
    7
  ],
  [
    268,
    5
  ],
  [
    268,
    28
  ],
  [
    270,
    269
  ],
  [
    270,
    246
  ],
  [
    271,
    269
  ],
  [
    271,
    246
  ],
  [
    271,
    200
  ],
  [
    271,
    142
  ],
  [
    271,
    136
  ],
  [
    271,
    182
  ],
  [
    271,
    71
  ],
  [
    271,
    114
  ],
  [
    271,
    35
  ],
  [
    271,
    17
  ],
  [
    271,
    5
  ],
  [
    271,
    28
  ],
  [
    272,
    269
  ],
  [
    272,
    246
  ],
  [
    272,
    200
  ],
  [
    272,
    185
  ],
  [
    272,
    142
  ],
  [
    272,
    102
  ],
  [
    272,
    182
  ],
  [
    272,
    71
  ],
  [
    272,
    114
  ],
  [
    272,
    35
  ],
  [
    272,
    17
  ],
  [
    272,
    5
  ],
  [
    272,
    28
  ],
  [
    273,
    269
  ],
  [
    273,
    265
  ],
  [
    273,
    261
  ],
  [
    273,
    246
  ],
  [
    273,
    200
  ],
  [
    273,
    178
  ],
  [
    273,
    142
  ],
  [
    273,
    97
  ],
  [
    273,
    182
  ],
  [
    273,
    45
  ],
  [
    273,
    35
  ],
  [
    273,
    87
  ],
  [
    273,
    12
  ],
  [
    273,
    7
  ],
  [
    273,
    5
  ],
  [
    273,
    28
  ],
  [
    275,
    274
  ],
  [
    275,
    208
  ],
  [
    276,
    274
  ],
  [
    276,
    208
  ],
  [
    276,
    188
  ],
  [
    276,
    127
  ],
  [
    276,
    79
  ],
  [
    276,
    55
  ],
  [
    276,
    45
  ],
  [
    276,
    87
  ],
  [
    276,
    23
  ],
  [
    276,
    12
  ],
  [
    276,
    7
  ],
  [
    276,
    5
  ],
  [
    276,
    28
  ],
  [
    277,
    274
  ],
  [
    277,
    237
  ],
  [
    277,
    208
  ],
  [
    277,
    188
  ],
  [
    277,
    108
  ],
  [
    277,
    79
  ],
  [
    277,
    45
  ],
  [
    277,
    87
  ],
  [
    277,
    23
  ],
  [
    277,
    12
  ],
  [
    277,
    7
  ],
  [
    277,
    5
  ],
  [
    277,
    28
  ],
  [
    278,
    274
  ],
  [
    278,
    208
  ],
  [
    278,
    188
  ],
  [
    278,
    147
  ],
  [
    278,
    142
  ],
  [
    278,
    182
  ],
  [
    278,
    79
  ],
  [
    278,
    35
  ],
  [
    278,
    23
  ],
  [
    280,
    279
  ],
  [
    280,
    233
  ],
  [
    281,
    279
  ],
  [
    281,
    256
  ],
  [
    282,
    279
  ],
  [
    282,
    172
  ],
  [
    282,
    151
  ],
  [
    282,
    122
  ],
  [
    282,
    182
  ],
  [
    282,
    52
  ],
  [
    282,
    35
  ],
  [
    282,
    14
  ],
  [
    282,
    43
  ],
  [
    282,
    5
  ],
  [
    282,
    28
  ],
  [
    282,
    1
  ],
  [
    283,
    279
  ],
  [
    283,
    225
  ],
  [
    283,
    172
  ],
  [
    283,
    157
  ],
  [
    283,
    151
  ],
  [
    283,
    182
  ],
  [
    283,
    83
  ],
  [
    283,
    71
  ],
  [
    283,
    114
  ],
  [
    283,
    35
  ],
  [
    283,
    17
  ],
  [
    283,
    5
  ],
  [
    283,
    28
  ],
  [
    285,
    284
  ],
  [
    285,
    269
  ],
  [
    285,
    246
  ],
  [
    285,
    200
  ],
  [
    285,
    185
  ],
  [
    285,
    142
  ],
  [
    285,
    102
  ],
  [
    285,
    182
  ],
  [
    285,
    71
  ],
  [
    285,
    114
  ],
  [
    285,
    35
  ],
  [
    285,
    17
  ],
  [
    285,
    5
  ],
  [
    285,
    28
  ],
  [
    286,
    284
  ],
  [
    286,
    265
  ],
  [
    286,
    261
  ],
  [
    286,
    185
  ],
  [
    286,
    178
  ],
  [
    286,
    102
  ],
  [
    286,
    97
  ],
  [
    286,
    71
  ],
  [
    286,
    114
  ],
  [
    286,
    45
  ],
  [
    286,
    87
  ],
  [
    286,
    17
  ],
  [
    286,
    12
  ],
  [
    286,
    7
  ],
  [
    287,
    284
  ],
  [
    287,
    261
  ],
  [
    287,
    185
  ],
  [
    287,
    178
  ],
  [
    287,
    102
  ],
  [
    287,
    97
  ],
  [
    287,
    71
  ],
  [
    287,
    114
  ],
  [
    287,
    45
  ],
  [
    287,
    87
  ],
  [
    287,
    17
  ],
  [
    287,
    12
  ],
  [
    287,
    7
  ]
]
