---
source: mars-core/src/lib.rs
expression: reduction.D(dim).__str__()
---
|×           ×                                                                                                                                                                                   |
|×                                   ×                                                                                                                                                           |
|×                                  ×                                                                                                                                                            |
| ×           ×                                                                                                                                                                                  |
| ×                                   ×                                                                                                                                                          |
| ×                                ×                                                                                                                                                             |
|  ×           ×                                                                                                                                                                                 |
|  ×                                   ×                                                                                                                                                         |
|  ×                              ×                                                                                                                                                              |
|   ×           ×                                                                                                                                                                                |
|   ×                                   ×                                                                                                                                                        |
|   ×                            ×                                                                                                                                                               |
|    ×           ×                                                                                                                                                                               |
|    ×                                   ×                                                                                                                                                       |
|    ×                          ×                                                                                                                                                                |
|     ×           ×                                                                                                                                                                              |
|     ×                                   ×                                                                                                                                                      |
|     ×                        ×                                                                                                                                                                 |
|           ×      ×                                                                                                                                                                             |
|          ×        ×                                                                                                                                                                            |
|         ×          ×                                                                                                                                                                           |
|        ×            ×                                                                                                                                                                          |
|       ×              ×                                                                                                                                                                         |
|      ×                ×                                                                                                                                                                        |
|      ×                 ×                                                                                                                                                                       |
|      ×                                        ×                                                                                                                                                |
|       ×                 ×                                                                                                                                                                      |
|       ×                                      ×                                                                                                                                                 |
|        ×                 ×                                                                                                                                                                     |
|        ×                                    ×                                                                                                                                                  |
|         ×                 ×                                                                                                                                                                    |
|         ×                                  ×                                                                                                                                                   |
|          ×                 ×                                                                                                                                                                   |
|          ×                                ×                                                                                                                                                    |
|           ×                 ×                                                                                                                                                                  |
|           ×                              ×                                                                                                                                                     |
|            ×                                                                                                                     ×                                                             |
|            ×     ×                                                                                                                                                                             |
|             ×                                                                                                                ×                                                                 |
|             ×     ×                                                                                                                                                                            |
|              ×                                                                                                           ×                                                                     |
|              ×     ×                                                                                                                                                                           |
|               ×                                                                                                      ×                                                                         |
|               ×     ×                                                                                                                                                                          |
|                ×                                                                                                 ×                                                                             |
|                ×     ×                                                                                                                                                                         |
|                 ×                                                                                            ×                                                                                 |
|                 ×     ×                                                                                                                                                                        |
|                             ×                  ×                                                                                                                                               |
|                  ×                                                                                      ×                                                                                      |
|                            ×                    ×                                                                                                                                              |
|                   ×                                                                                 ×                                                                                          |
|                           ×                      ×                                                                                                                                             |
|                    ×                                                                            ×                                                                                              |
|                          ×                        ×                                                                                                                                            |
|                     ×                                                                       ×                                                                                                  |
|                         ×                          ×                                                                                                                                           |
|                      ×                                                                  ×                                                                                                      |
|                        ×                            ×                                                                                                                                          |
|                       ×                                                             ×                                                                                                          |
|                        ×                             ×                                                                                                                                         |
|                         ×                             ×                                                                                                                                        |
|                          ×                             ×                                                                                                                                       |
|                           ×                             ×                                                                                                                                      |
|                            ×                             ×                                                                                                                                     |
|                             ×                             ×                                                                                                                                    |
|                              ×                             ×                                                                                                                                   |
|                              ×                              ×                                                                                                                                  |
|                               ×                              ×                                                                                                                                 |
|                               ×                               ×                                                                                                                                |
|                                ×                               ×                                                                                                                               |
|                                ×                                ×                                                                                                                              |
|                                 ×                                ×                                                                                                                             |
|                                 ×                                 ×                                                                                                                            |
|                                  ×                                 ×                                                                                                                           |
|                                  ×                                  ×                                                                                                                          |
|                                   ×                                  ×                                                                                                                         |
|                                   ×                                   ×                                                                                                                        |
|                                    ×                                                                                               ×                                                           |
|                                    ×     ×                                                                                                                                                     |
|                                     ×                                                                                                ×                                                         |
|                                     ×     ×                                                                                                                                                    |
|                                      ×                                                                                                 ×                                                       |
|                                      ×     ×                                                                                                                                                   |
|                                       ×                                                                                                  ×                                                     |
|                                       ×     ×                                                                                                                                                  |
|                                        ×                                                                                                   ×                                                   |
|                                        ×     ×                                                                                                                                                 |
|                                         ×                                                                                                    ×                                                 |
|                                         ×     ×                                                                                                                                                |
|                                          ×                                                                                                      ×                                              |
|                                           ×                                                                                                       ×                                            |
|                                            ×                                                                                                        ×                                          |
|                                             ×                                                                                                         ×                                        |
|                                              ×                                                                                                          ×                                      |
|                                               ×                                                                                                           ×                                    |
|                                                                       ××                                                                                                                       |
|                                                                     ×   ×                                                                                                                      |
|                                                                   ×      ×                                                                                                                     |
|                                                                 ×         ×                                                                                                                    |
|                                                               ×            ×                                                                                                                   |
|                                                             ×               ×                                                                                                                  |
|                                                ×                             ×                                                                                                                 |
|                                                ×                                                                                               ×                                               |
|                                                 ×                             ×                                                                                                                |
|                                                 ×                                                                                                ×                                             |
|                                                  ×                             ×                                                                                                               |
|                                                  ×                                                                                                 ×                                           |
|                                                   ×                             ×                                                                                                              |
|                                                   ×                                                                                                  ×                                         |
|                                                    ×                             ×                                                                                                             |
|                                                    ×                                                                                                   ×                                       |
|                                                     ×                             ×                                                                                                            |
|                                                     ×                                                                                                    ×                                     |
|                                                      ×                             ×                                                                                                           |
|                                                      ×                                ×                                                                                                        |
|                                                       ×                                ×                                                                                                       |
|                                                       ×                                   ×                                                                                                    |
|                                                        ×                                   ×                                                                                                   |
|                                                        ×                                      ×                                                                                                |
|                                                         ×                                      ×                                                                                               |
|                                                         ×                                         ×                                                                                            |
|                                                          ×                                         ×                                                                                           |
|                                                          ×                                            ×                                                                                        |
|                                                           ×                                            ×                                                                                       |
|                                                           ×                                               ×                                                                                    |
|                                                            ×                                               ×                                                                                   |
|                                                            ×                                                  ×                                                                                |
|                                                             ×                                                                                 ×                                                |
|                                                              ×                                                 ×                                                                               |
|                                                              ×                                                    ×                                                                            |
|                                                               ×                                                                             ×                                                  |
|                                                                ×                                                   ×                                                                           |
|                                                                ×                                                      ×                                                                        |
|                                                                 ×                                                                         ×                                                    |
|                                                                  ×                                                     ×                                                                       |
|                                                                  ×                                                        ×                                                                    |
|                                                                   ×                                                                     ×                                                      |
|                                                                    ×                                                       ×                                                                   |
|                                                                    ×                                                          ×                                                                |
|                                                                     ×                                                                 ×                                                        |
|                                                                      ×                                                         ×                                                               |
|                                                                      ×                                                            ×                                                            |
|                                                                       ×                                                             ×                                                          |
|                                                                                                                                                           ××                                   |
|                                                                                                                                                         ×   ×                                  |
|                                                                                                                                                       ×      ×                                 |
|                                                                                                                                                     ×         ×                                |
|                                                                                                                                                   ×            ×                               |
|                                                                                                                                                 ×               ×                              |
|                                                                                                                                              ×                   ×                             |
|                                                                                                                                            ×                      ×                            |
|                                                                                                                                          ×                         ×                           |
|                                                                                                                                        ×                            ×                          |
|                                                                                                                                      ×                               ×                         |
|                                                                                                                                    ×                                  ×                        |
|                                                                        ×                                                                      ×                                                |
|                                                                        ×                                                        ×                                                              |
|                                                                         ×                  ×                                                                                                   |
|                                                                         ×                                                   ×                                                                  |
|                                                                          ×                                                     ×                                                               |
|                                                                          ×                                              ×                                                                      |
|                                                                           ×                            ×                                                                                       |
|                                                                           ×                                         ×                                                                          |
|                                                                            × ×                                                                                                                 |
|                                                                            ×                                    ×                                                                              |
|                                                                             ×                                                       ×                                                          |
|                                                                             ×                               ×                                                                                  |
|                                                                              ×                           ×                                                                                     |
|                                                                               ×                      ×                                                                                         |
|                                                                               ×           ×                                                                                                    |
|                                                                                ×                 ×                                                                                             |
|                                                                                ×                                      ×                                                                        |
|                                                                                 ×            ×                                                                                                 |
|                                                                                 ×                                 ×                                                                            |
|                                                                                  ×       ×                                                                                                     |
|                                                                                  ×                            ×                                                                                |
|                                                                                   ×  ×                                                                                                         |
|                                                                                   ×                                       ×                                                                    |
|                                                                                    ××                                                                                                          |
|                                                                                    ×                  ×                                                                                        |
|                                                                                     ×                                                                                  ×                       |
|                                                                                      ×                                                                                  ×                      |
|                                                                                      ××                                                                                                        |
|                                                                                       ×            ×                                                                                           |
|                                                                                        ××                                                                                                      |
|                                                                                        ×                                                         ×                                             |
|                                                                                         ×                                                                                ×                     |
|                                                                                          ×                                                                                ×                    |
|                                                                                          ××                                                                                                    |
|                                                                                            ××                                                                                                  |
|                                                                                             ×                                                                              ×                   |
|                                                                                              ×                                                                              ×                  |
|                                                                                              ××                                                                                                |
|                                                                                               ×                                       ×                                                        |
|                                                                                                ××                                                                                              |
|                                                                                                ×                              ×                                                                |
|                                                                                                 ×                                                                            ×                 |
|                                                                                                  ×                                                                            ×                |
|                                                                                                  ××                                                                                            |
|                                                                                                   ×                        ×                                                                   |
|                                                                                                    ××                                                                                          |
|                                                                                                     ×                                                                          ×               |
|                                                                                                      ×                                                                          ×              |
|                                                                                                      ××                                                                                        |
|                                                                                                        ××                                                                                      |
|                                                                                                         ×                                                                        ×             |
|                                                                                                          ×                                                                        ×            |
|                                                                                                          ××                                                                                    |
|                                                                                                           ×                               ×                                                    |
|                                                                                                            ××                                                                                  |
|                                                                                                            ×                                           ×                                       |
|                                                                                                             ×                                                                      ×           |
|                                                                                                              ×                                                                      ×          |
|                                                                                                              ××                                                                                |
|                                                                                                                ××                                                                              |
|                                                                                                                ×                                     ×                                         |
|                                                                                                                 ×                                                                    ×         |
|                                                                                                                  ×                                                                    ×        |
|                                                                                                                  ××                                                                            |
|                                                                                                                    ××                                                                          |
|                                                                                                                    ×                               ×                                           |
|                                                                                                                     ×                                                                  ×       |
|                                                                                                                      ×                                                                  ×      |
|                                                                                                                      ××                                                                        |
|                                                                                                                        ××                                                                      |
|                                                                                                                        ×                                 ×                                     |
|                                                                                                                         ×                                                                ×     |
|                                                                                                                          ×                                                                ×    |
|                                                                                                                          ××                                                                    |
|                                                                                                                            ××                                                                  |
|                                                                                                                             ×                                                              ×   |
|                                                                                                                              ×                                                              ×  |
|                                                                                                                              ××                                                                |
|                                                                                                                                ××                                                              |
|                                                                                                                                 ×                                                            × |
|                                                                                                                                  ×                                                            ×|
|                                                                                                                                  ××                                                            |
|                                                                                                                                   ×     ×                                                      |
|                                                                                                                                    ××                                                          |
|                                                                                                                                      ××                                                        |
|                                                                                                                                        ××                                                      |
|                                                                                                                                          ××                                                    |
|                                                                                                                                            ××                                                  |
|                                                                                                                                             ×  ×                                               |
|                                                                                                                                              ××                                                |
|                                                                                                                                                ××                                              |
|                                                                                                                                                  ××                                            |
|                                                                                                                                                    ××                                          |
|                                                                                                                                                      ××                                        |
|                                                                                                                                                        ××                                      |
|                                                                                                                                                          ××                                    |
|                                                                                                                                                            ×     ×                             |
|                                                                                                                                                            ×                             ×     |
|                                                                                                                                                             ×     ×                            |
|                                                                                                                                                             ×                      ×           |
|                                                                                                                                                              ×     ×                           |
|                                                                                                                                                              ×                       ×         |
|                                                                                                                                                               ×     ×                          |
|                                                                                                                                                               ×                        ×       |
|                                                                                                                                                                ×     ×                         |
|                                                                                                                                                                ×         ×                     |
|                                                                                                                                                                 ×     ×                        |
|                                                                                                                                                                 × ×                            |
|                                                                                                                                                                  ×                           × |
|                                                                                                                                                                    ×              ×            |
|                                                                                                                                                                     ×                         ×|
|                                                                                                                                                                      ×      ×                  |
|                                                                                                                                                                       ×            ×           |
|                                                                                                                                                                        ×            ×          |
|                                                                                                                                                                        ×        ×              |
|                                                                                                                                                                         ×      ×               |
|                                                                                                                                                                         ×                 ×    |
|                                                                                                                                                                          ×            ×        |
|                                                                                                                                                                           ×     ×              |
|                                                                                                                                                                           ×         ×          |
|                                                                                                                                                                            ×            ×      |
|                                                                                                                                                                            ×               ×   |
|                                                                                                                                                                             ×         ×        |
|                                                                                                                                                                              ×            ×    |
|                                                                                                                                                                              ×              ×  |
|                                                                                                                                                                               ×            ×   |
|                                                                                                                                                                               ×         ×      |
|                                                                                                                                                                                ×            ×  |
|                                                                                                                                                                                  ×            ×|
|                                                                                                                                                                                  ×     ×       |
|                                                                                                                                                                                   ×  ×         |
|                                                                                                                                                                                          ×   × |
