---
source: mars-core/src/lib.rs
expression: reduction.R(dim).__str__()
---
|×× ×         ×                                                                                                                                                                                                                                                                                  |
|×     ×                                                                                                                                                                                                                                                                                         |
|      ×            ×                   ×         ×                           ×                                                                                                                                                                                                                  |
| ×  ×                 ×                                                                                                                                                                                                                                                                         |
|    ×     ×    ×                                      ×                                                                                                                                                                                                                                         |
|           ×   ××                                                                                                                                                                                                                                                                               |
|   ×                       ×                                                                                                                                                                                                                                                                    |
|          ×             ×                                                                                                                                                                                                                                                                       |
|         × ×        ×                                           ×                                                                                                                                                                                                                               |
|         ×                                                                                                                                                                                                                                                                                      |
|                ×         ×                                                                                                                                                                                                                                                                     |
|             ×                                                                                  ×            ×                                                                                                                                                                                  |
|                        ×                                                                                                                                                                                                                                                                       |
|                                      × ×             ×        ×               ×                                                                                                                                                                                                                |
|                   ×                                                                                                                                                                                                                                                                            |
|                      ×                                                                                                                                                                           ×                                                                                             |
|                    ×                                                                                                                                                                                                                                                                           |
|                                    ×     ×      ×                ×                                                                                                                                                                                                                             |
|                                    ×                               ×                                                                                                                                                                                                                           |
|                          ×                                                                                                                                                                                                                                                                     |
|                                      ×      ×  ×                                                                                                                                                                                                                                               |
|                           ×                  ×                                             ×                                                                                                                                                                                                   |
|                                              ×                                                                                                                                                                                                                                                 |
|                                             ×                        ×                                                                                                                                                                                                                         |
|                                          ××                                                                                                                                                                                                                                                    |
|                                         ×      ×                                          ×                                  ×                                                                                                                                                                 |
|                                       ×                                                                                                                                                                                                                                                        |
|                                        ×                                                                                                                                                                                                                                                       |
|                                         ×                                                                  ×                                                                                                                                                                                   |
|                                           ×                                                                                                 ×                                                                                                                                                  |
|                                                                    ×                ×                                                                                                                                                                                                          |
|                                                               ×                                                                                                                                                                                                                                |
|                                                                  ×                           ×                                                                                                                                                                                                 |
|                                                                ×                                                   ×                                                                                                                                                                           |
|                                                                                   ×                         ×        ×                                                                                                                                                                         |
|                                                                      ×                  ×                                                                                                                                                                                                      |
|                                                                               ×                                                                                                                                                                                                                |
|                                                                             ×                                                                                                                                                                                                                  |
|                                                                                     ×                                                                                                                                                                                                          |
|                                                                                    ×           ×                           ×                                                                                                                                                                   |
|                                                                                                            ×  ×                ×                      ×                                                                                                                                        |
|                                                                                   ×                                      ×             ×                  ×                                                                                                                                    |
|                                                                                            ×                                                                                                                                                                                                   |
|                                                                                         ×                                                                        ×                                                                                                                             |
|                                                                                                                      ×  ×                        ×                              ×                                                                                                              |
|                                                                                                                    ×                              ×                                                            ×                                                                               |
|                                                                                                               ×                                                                    ×  ×                                                                                                        |
|                                                                                    ×                                                                                                                                                                                                           |
|                                                                                           ×                                                                                                         ×                                            ×                                             |
|                                                                                              ×                                  ×                                                                                                                                                              |
|                                                                                                                         ×                                                                                                                                                                      |
|                                                                                                                                             ×                                                                                ×                          ×                                      |
|                                                                                                                            ×                                                                                                                                                                   |
|                                                                                                                          ×                                                          ×                                                                                                          |
|                                                                                                                              ×                      ×                                                                                                                                          |
|                                                                                                                                ×                                                                                                                                                               |
|                                                                                                                                        ×                                                ×                                                                                                      |
|                                                                                                                                 ×                           ×                                                                                                                                  |
|                                                                                                                                                 ×       ×    ×                        ×    ×                                                                                                   |
|                                                                                                                                                 ×                          ×                                                                                                                   |
|                                                                                                                                                                  ×                                                                                                                             |
|                                                                                                                                                       ×                                                                                                                                        |
|                                                                                                                                                                            ×                                  ×             ×                         ×                                        |
|                                                                                                                                                  ×                                                                                                                                             |
|                                                                                                                                                   ×                                                                                                                                            |
|                                                                                                                                                     ×                                                                                                                                          |
|                                                                                                                                                         ×           ×                                             ×                                                                            |
|                                                                                                                                                                     ×                                                                                                                          |
|                                                                                                                                                           ×                                                                                                                                    |
|                                                                                                                                                             ×                                                                 ×                               ×                                |
|                                                                                                                                                              ×                                                        ×                                                                        |
|                                                                                                                                                                                                  ×                                                                                             |
|                                                                                                                                                                                 ×                                                                                                              |
|                                                                                                                                                                                    ×                                                                                                           |
|                                                                                                                                                                                        ××                                                                                                      |
|                                                                                                                                                                                                     ×                                                                                          |
|                                                                                                                                                                                     ×                                                                                                          |
|                                                                                                                                                                                        ×                                                      ×                                                |
|                                                                                                                                                                                            ×                                                                      ×         ×                  |
|                                                                                                                                                                                                                ×                                                                               |
|                                                                                                                                                                                                               ×                                                                                |
|                                                                                                                                                                                                                   ×                                                                   ×        |
|                                                                                                                                                                                                                       ×         ×                               ×                              |
|                                                                                                                                                                                                                                 ×                                                              |
|                                                                                                                                                                                                                               ×                                                                |
|                                                                                                                                                                                                                             ×                                                                  |
|                                                                                                                                                                                                                              ×                                                                 |
|                                                                                                                                                                                                                                               ×                                                |
|                                                                                                                                                                                                                                                  ×                                             |
|                                                                                                                                                                                                                                                       ×                                        |
|                                                                                                                                                                                                                                                         ×                                      |
|                                                                                                                                                                                                                                                                   ×                            |
|                                                                                                                                                                                                                                                               ×                                |
|                                                                                                                                                                                                                                                                 ×              ×               |
|                                                                                                                                                                                                                                                                                ×        ×      |
|                                                                                                                                                                                                                                                                             ×                  |
|                                                                                                                                                                                                                                                                                         ×      |
|                                                                                                                                                                                                                                                                                       ×        |
