---
source: mars-core/src/sneaky_matrix.rs
expression: adds
---
[
  [
    1,
    0
  ],
  [
    2,
    1
  ],
  [
    5,
    4
  ],
  [
    5,
    3
  ],
  [
    8,
    7
  ],
  [
    8,
    6
  ],
  [
    11,
    10
  ],
  [
    11,
    9
  ],
  [
    14,
    13
  ],
  [
    14,
    12
  ],
  [
    17,
    16
  ],
  [
    17,
    15
  ],
  [
    19,
    18
  ],
  [
    19,
    0
  ],
  [
    20,
    16
  ],
  [
    20,
    15
  ],
  [
    20,
    3
  ],
  [
    22,
    21
  ],
  [
    22,
    6
  ],
  [
    24,
    23
  ],
  [
    24,
    9
  ],
  [
    26,
    12
  ],
  [
    26,
    25
  ],
  [
    28,
    15
  ],
  [
    28,
    27
  ],
  [
    30,
    29
  ],
  [
    31,
    30
  ],
  [
    33,
    32
  ],
  [
    33,
    29
  ],
  [
    34,
    18
  ],
  [
    36,
    35
  ],
  [
    36,
    18
  ],
  [
    36,
    34
  ],
  [
    38,
    37
  ],
  [
    39,
    38
  ],
  [
    41,
    40
  ],
  [
    41,
    37
  ],
  [
    44,
    43
  ],
  [
    44,
    42
  ],
  [
    46,
    45
  ],
  [
    47,
    46
  ],
  [
    49,
    48
  ],
  [
    49,
    45
  ],
  [
    52,
    51
  ],
  [
    52,
    50
  ],
  [
    54,
    53
  ],
  [
    55,
    54
  ],
  [
    57,
    56
  ],
  [
    57,
    53
  ],
  [
    60,
    59
  ],
  [
    60,
    58
  ],
  [
    62,
    61
  ],
  [
    63,
    62
  ],
  [
    65,
    64
  ],
  [
    65,
    61
  ],
  [
    68,
    67
  ],
  [
    68,
    66
  ],
  [
    70,
    69
  ],
  [
    71,
    70
  ],
  [
    73,
    72
  ],
  [
    73,
    69
  ],
  [
    74,
    27
  ],
  [
    74,
    34
  ],
  [
    76,
    75
  ],
  [
    76,
    27
  ],
  [
    76,
    34
  ],
  [
    76,
    74
  ],
  [
    78,
    77
  ],
  [
    78,
    66
  ],
  [
    80,
    79
  ],
  [
    80,
    77
  ],
  [
    82,
    81
  ],
  [
    82,
    30
  ],
  [
    84,
    83
  ],
  [
    85,
    84
  ],
  [
    87,
    86
  ],
  [
    87,
    83
  ],
  [
    89,
    88
  ],
  [
    89,
    38
  ],
  [
    91,
    90
  ],
  [
    92,
    91
  ],
  [
    94,
    93
  ],
  [
    94,
    90
  ],
  [
    96,
    95
  ],
  [
    96,
    46
  ],
  [
    98,
    97
  ],
  [
    99,
    98
  ],
  [
    101,
    100
  ],
  [
    101,
    97
  ],
  [
    103,
    102
  ],
  [
    103,
    54
  ],
  [
    105,
    104
  ],
  [
    106,
    105
  ],
  [
    108,
    107
  ],
  [
    108,
    104
  ],
  [
    110,
    109
  ],
  [
    110,
    62
  ],
  [
    112,
    111
  ],
  [
    113,
    112
  ],
  [
    115,
    114
  ],
  [
    115,
    111
  ],
  [
    117,
    116
  ],
  [
    117,
    70
  ],
  [
    118,
    116
  ],
  [
    118,
    70
  ],
  [
    119,
    118
  ],
  [
    120,
    116
  ],
  [
    120,
    70
  ],
  [
    120,
    119
  ],
  [
    121,
    70
  ],
  [
    121,
    118
  ],
  [
    122,
    70
  ],
  [
    122,
    119
  ],
  [
    123,
    118
  ],
  [
    123,
    119
  ],
  [
    123,
    122
  ],
  [
    124,
    116
  ],
  [
    124,
    111
  ],
  [
    124,
    70
  ],
  [
    124,
    119
  ],
  [
    125,
    111
  ],
  [
    125,
    124
  ],
  [
    126,
    116
  ],
  [
    126,
    114
  ],
  [
    126,
    70
  ],
  [
    126,
    119
  ],
  [
    126,
    124
  ],
  [
    127,
    114
  ],
  [
    127,
    119
  ],
  [
    127,
    124
  ],
  [
    128,
    112
  ],
  [
    129,
    128
  ],
  [
    129,
    124
  ],
  [
    129,
    122
  ],
  [
    130,
    112
  ],
  [
    130,
    124
  ],
  [
    130,
    122
  ],
  [
    130,
    129
  ],
  [
    131,
    111
  ],
  [
    131,
    128
  ],
  [
    132,
    128
  ],
  [
    132,
    124
  ],
  [
    133,
    109
  ],
  [
    133,
    62
  ],
  [
    133,
    13
  ],
  [
    133,
    12
  ],
  [
    134,
    13
  ],
  [
    134,
    12
  ],
  [
    135,
    109
  ],
  [
    135,
    62
  ],
  [
    135,
    133
  ],
  [
    135,
    134
  ],
  [
    136,
    62
  ],
  [
    136,
    13
  ],
  [
    136,
    12
  ],
  [
    136,
    133
  ],
  [
    137,
    62
  ],
  [
    137,
    133
  ],
  [
    138,
    109
  ],
  [
    138,
    104
  ],
  [
    138,
    62
  ],
  [
    138,
    133
  ],
  [
    139,
    104
  ],
  [
    139,
    134
  ],
  [
    139,
    138
  ],
  [
    140,
    109
  ],
  [
    140,
    107
  ],
  [
    140,
    62
  ],
  [
    140,
    133
  ],
  [
    140,
    138
  ],
  [
    141,
    107
  ],
  [
    141,
    133
  ],
  [
    141,
    138
  ],
  [
    142,
    84
  ],
  [
    142,
    105
  ],
  [
    142,
    134
  ],
  [
    142,
    138
  ],
  [
    143,
    84
  ],
  [
    143,
    134
  ],
  [
    144,
    105
  ],
  [
    144,
    138
  ],
  [
    144,
    143
  ],
  [
    145,
    104
  ],
  [
    145,
    84
  ],
  [
    145,
    134
  ],
  [
    145,
    138
  ],
  [
    146,
    102
  ],
  [
    146,
    54
  ],
  [
    146,
    42
  ],
  [
    147,
    102
  ],
  [
    147,
    54
  ],
  [
    147,
    146
  ],
  [
    148,
    54
  ],
  [
    148,
    42
  ],
  [
    148,
    146
  ],
  [
    149,
    54
  ],
  [
    149,
    146
  ],
  [
    150,
    42
  ],
  [
    150,
    149
  ],
  [
    151,
    102
  ],
  [
    151,
    97
  ],
  [
    151,
    54
  ],
  [
    151,
    146
  ],
  [
    151,
    149
  ],
  [
    152,
    97
  ],
  [
    152,
    149
  ],
  [
    152,
    151
  ],
  [
    153,
    102
  ],
  [
    153,
    100
  ],
  [
    153,
    54
  ],
  [
    153,
    146
  ],
  [
    153,
    149
  ],
  [
    153,
    151
  ],
  [
    154,
    100
  ],
  [
    154,
    146
  ],
  [
    154,
    149
  ],
  [
    154,
    151
  ],
  [
    155,
    25
  ],
  [
    155,
    98
  ],
  [
    155,
    151
  ],
  [
    155,
    143
  ],
  [
    156,
    98
  ],
  [
    156,
    151
  ],
  [
    156,
    143
  ],
  [
    156,
    155
  ],
  [
    157,
    97
  ],
  [
    157,
    25
  ],
  [
    157,
    151
  ],
  [
    157,
    143
  ],
  [
    157,
    155
  ],
  [
    158,
    25
  ],
  [
    158,
    149
  ],
  [
    158,
    143
  ],
  [
    158,
    155
  ],
  [
    159,
    95
  ],
  [
    159,
    46
  ],
  [
    160,
    159
  ],
  [
    161,
    95
  ],
  [
    161,
    46
  ],
  [
    161,
    160
  ],
  [
    162,
    46
  ],
  [
    162,
    159
  ],
  [
    163,
    46
  ],
  [
    163,
    160
  ],
  [
    164,
    159
  ],
  [
    164,
    160
  ],
  [
    164,
    163
  ],
  [
    165,
    95
  ],
  [
    165,
    90
  ],
  [
    165,
    46
  ],
  [
    165,
    160
  ],
  [
    165,
    163
  ],
  [
    166,
    90
  ],
  [
    166,
    163
  ],
  [
    166,
    165
  ],
  [
    167,
    95
  ],
  [
    167,
    93
  ],
  [
    167,
    46
  ],
  [
    167,
    160
  ],
  [
    167,
    163
  ],
  [
    167,
    165
  ],
  [
    168,
    93
  ],
  [
    168,
    160
  ],
  [
    168,
    163
  ],
  [
    168,
    165
  ],
  [
    170,
    169
  ],
  [
    170,
    91
  ],
  [
    170,
    165
  ],
  [
    170,
    155
  ],
  [
    170,
    129
  ],
  [
    171,
    91
  ],
  [
    171,
    165
  ],
  [
    171,
    155
  ],
  [
    171,
    129
  ],
  [
    172,
    90
  ],
  [
    172,
    169
  ],
  [
    172,
    91
  ],
  [
    173,
    169
  ],
  [
    173,
    91
  ],
  [
    173,
    163
  ],
  [
    173,
    165
  ],
  [
    174,
    88
  ],
  [
    174,
    38
  ],
  [
    174,
    128
  ],
  [
    175,
    88
  ],
  [
    175,
    38
  ],
  [
    175,
    174
  ],
  [
    175,
    124
  ],
  [
    176,
    38
  ],
  [
    176,
    128
  ],
  [
    176,
    174
  ],
  [
    177,
    38
  ],
  [
    177,
    174
  ],
  [
    177,
    124
  ],
  [
    177,
    122
  ],
  [
    177,
    129
  ],
  [
    178,
    88
  ],
  [
    178,
    83
  ],
  [
    178,
    38
  ],
  [
    178,
    174
  ],
  [
    178,
    134
  ],
  [
    178,
    124
  ],
  [
    178,
    122
  ],
  [
    178,
    143
  ],
  [
    179,
    83
  ],
  [
    179,
    134
  ],
  [
    179,
    122
  ],
  [
    179,
    143
  ],
  [
    180,
    88
  ],
  [
    180,
    86
  ],
  [
    180,
    38
  ],
  [
    180,
    174
  ],
  [
    180,
    134
  ],
  [
    180,
    124
  ],
  [
    180,
    122
  ],
  [
    180,
    143
  ],
  [
    181,
    86
  ],
  [
    181,
    174
  ],
  [
    181,
    134
  ],
  [
    181,
    124
  ],
  [
    181,
    122
  ],
  [
    181,
    143
  ],
  [
    182,
    118
  ],
  [
    182,
    84
  ],
  [
    182,
    119
  ],
  [
    182,
    134
  ],
  [
    182,
    122
  ],
  [
    182,
    143
  ],
  [
    183,
    83
  ],
  [
    183,
    118
  ],
  [
    183,
    119
  ],
  [
    183,
    134
  ],
  [
    183,
    122
  ],
  [
    183,
    143
  ],
  [
    184,
    81
  ],
  [
    184,
    30
  ],
  [
    184,
    58
  ],
  [
    185,
    81
  ],
  [
    185,
    30
  ],
  [
    185,
    184
  ],
  [
    186,
    30
  ],
  [
    186,
    58
  ],
  [
    186,
    184
  ],
  [
    187,
    30
  ],
  [
    187,
    184
  ],
  [
    188,
    58
  ],
  [
    188,
    187
  ],
  [
    189,
    81
  ],
  [
    189,
    77
  ],
  [
    189,
    30
  ],
  [
    189,
    184
  ],
  [
    189,
    187
  ],
  [
    190,
    77
  ],
  [
    190,
    187
  ],
  [
    190,
    189
  ],
  [
    191,
    81
  ],
  [
    191,
    79
  ],
  [
    191,
    30
  ],
  [
    191,
    184
  ],
  [
    191,
    187
  ],
  [
    191,
    189
  ],
  [
    192,
    79
  ],
  [
    192,
    184
  ],
  [
    192,
    187
  ],
  [
    192,
    189
  ],
  [
    193,
    21
  ],
  [
    193,
    66
  ],
  [
    193,
    189
  ],
  [
    194,
    66
  ],
  [
    194,
    189
  ],
  [
    194,
    193
  ],
  [
    195,
    77
  ],
  [
    195,
    21
  ],
  [
    195,
    189
  ],
  [
    195,
    193
  ],
  [
    196,
    21
  ],
  [
    196,
    187
  ],
  [
    196,
    193
  ],
  [
    197,
    75
  ],
  [
    197,
    4
  ],
  [
    197,
    3
  ],
  [
    197,
    27
  ],
  [
    198,
    4
  ],
  [
    198,
    3
  ],
  [
    198,
    138
  ],
  [
    198,
    143
  ],
  [
    198,
    74
  ],
  [
    198,
    129
  ],
  [
    199,
    75
  ],
  [
    199,
    27
  ],
  [
    199,
    138
  ],
  [
    199,
    143
  ],
  [
    199,
    74
  ],
  [
    199,
    129
  ],
  [
    199,
    198
  ],
  [
    200,
    4
  ],
  [
    200,
    3
  ],
  [
    200,
    27
  ],
  [
    201,
    75
  ],
  [
    201,
    69
  ],
  [
    201,
    27
  ],
  [
    201,
    119
  ],
  [
    201,
    122
  ],
  [
    201,
    74
  ],
  [
    201,
    129
  ],
  [
    201,
    198
  ],
  [
    202,
    69
  ],
  [
    202,
    119
  ],
  [
    202,
    138
  ],
  [
    202,
    122
  ],
  [
    202,
    143
  ],
  [
    203,
    75
  ],
  [
    203,
    72
  ],
  [
    203,
    27
  ],
  [
    203,
    119
  ],
  [
    203,
    122
  ],
  [
    203,
    74
  ],
  [
    203,
    129
  ],
  [
    203,
    198
  ],
  [
    204,
    72
  ],
  [
    204,
    119
  ],
  [
    204,
    34
  ],
  [
    204,
    122
  ],
  [
    204,
    129
  ],
  [
    204,
    198
  ],
  [
    205,
    70
  ],
  [
    205,
    105
  ],
  [
    205,
    119
  ],
  [
    205,
    138
  ],
  [
    205,
    122
  ],
  [
    205,
    143
  ],
  [
    206,
    69
  ],
  [
    206,
    105
  ],
  [
    206,
    119
  ],
  [
    206,
    138
  ],
  [
    206,
    122
  ],
  [
    206,
    143
  ],
  [
    207,
    67
  ],
  [
    207,
    7
  ],
  [
    207,
    6
  ],
  [
    207,
    66
  ],
  [
    207,
    189
  ],
  [
    207,
    193
  ],
  [
    208,
    7
  ],
  [
    208,
    6
  ],
  [
    208,
    151
  ],
  [
    208,
    193
  ],
  [
    209,
    67
  ],
  [
    209,
    66
  ],
  [
    209,
    151
  ],
  [
    209,
    189
  ],
  [
    209,
    208
  ],
  [
    210,
    7
  ],
  [
    210,
    6
  ],
  [
    210,
    66
  ],
  [
    210,
    189
  ],
  [
    210,
    193
  ],
  [
    211,
    67
  ],
  [
    211,
    61
  ],
  [
    211,
    66
  ],
  [
    211,
    133
  ],
  [
    211,
    189
  ],
  [
    211,
    143
  ],
  [
    211,
    208
  ],
  [
    211,
    155
  ],
  [
    212,
    61
  ],
  [
    212,
    133
  ],
  [
    212,
    151
  ],
  [
    212,
    143
  ],
  [
    212,
    155
  ],
  [
    213,
    67
  ],
  [
    213,
    64
  ],
  [
    213,
    66
  ],
  [
    213,
    133
  ],
  [
    213,
    189
  ],
  [
    213,
    143
  ],
  [
    213,
    208
  ],
  [
    213,
    155
  ],
  [
    214,
    64
  ],
  [
    214,
    133
  ],
  [
    214,
    189
  ],
  [
    214,
    143
  ],
  [
    214,
    208
  ],
  [
    214,
    155
  ],
  [
    215,
    62
  ],
  [
    215,
    98
  ],
  [
    215,
    133
  ],
  [
    215,
    151
  ],
  [
    215,
    143
  ],
  [
    215,
    155
  ],
  [
    216,
    61
  ],
  [
    216,
    98
  ],
  [
    216,
    133
  ],
  [
    216,
    151
  ],
  [
    216,
    143
  ],
  [
    216,
    155
  ],
  [
    217,
    59
  ],
  [
    217,
    10
  ],
  [
    217,
    9
  ],
  [
    217,
    58
  ],
  [
    217,
    187
  ],
  [
    218,
    10
  ],
  [
    218,
    9
  ],
  [
    218,
    165
  ],
  [
    218,
    208
  ],
  [
    218,
    155
  ],
  [
    218,
    129
  ],
  [
    219,
    59
  ],
  [
    219,
    58
  ],
  [
    219,
    165
  ],
  [
    219,
    187
  ],
  [
    219,
    208
  ],
  [
    219,
    155
  ],
  [
    219,
    129
  ],
  [
    220,
    10
  ],
  [
    220,
    9
  ],
  [
    220,
    58
  ],
  [
    220,
    187
  ],
  [
    221,
    59
  ],
  [
    221,
    53
  ],
  [
    221,
    58
  ],
  [
    221,
    146
  ],
  [
    221,
    187
  ],
  [
    221,
    149
  ],
  [
    221,
    208
  ],
  [
    222,
    53
  ],
  [
    222,
    146
  ],
  [
    222,
    165
  ],
  [
    222,
    149
  ],
  [
    222,
    155
  ],
  [
    222,
    129
  ],
  [
    223,
    59
  ],
  [
    223,
    56
  ],
  [
    223,
    58
  ],
  [
    223,
    146
  ],
  [
    223,
    187
  ],
  [
    223,
    149
  ],
  [
    223,
    208
  ],
  [
    224,
    56
  ],
  [
    224,
    146
  ],
  [
    224,
    187
  ],
  [
    224,
    149
  ],
  [
    224,
    208
  ],
  [
    225,
    54
  ],
  [
    225,
    91
  ],
  [
    225,
    146
  ],
  [
    225,
    165
  ],
  [
    225,
    149
  ],
  [
    225,
    155
  ],
  [
    225,
    129
  ],
  [
    226,
    53
  ],
  [
    226,
    91
  ],
  [
    226,
    146
  ],
  [
    226,
    165
  ],
  [
    226,
    149
  ],
  [
    226,
    155
  ],
  [
    226,
    129
  ],
  [
    227,
    51
  ],
  [
    227,
    50
  ],
  [
    227,
    1
  ],
  [
    228,
    1
  ],
  [
    228,
    124
  ],
  [
    228,
    122
  ],
  [
    228,
    129
  ],
  [
    228,
    198
  ],
  [
    229,
    51
  ],
  [
    229,
    50
  ],
  [
    229,
    227
  ],
  [
    229,
    124
  ],
  [
    229,
    122
  ],
  [
    229,
    129
  ],
  [
    229,
    198
  ],
  [
    230,
    50
  ],
  [
    230,
    1
  ],
  [
    230,
    227
  ],
  [
    231,
    50
  ],
  [
    231,
    227
  ],
  [
    232,
    51
  ],
  [
    232,
    45
  ],
  [
    232,
    50
  ],
  [
    232,
    160
  ],
  [
    232,
    227
  ],
  [
    232,
    163
  ],
  [
    232,
    198
  ],
  [
    233,
    45
  ],
  [
    233,
    160
  ],
  [
    233,
    163
  ],
  [
    233,
    124
  ],
  [
    233,
    122
  ],
  [
    233,
    129
  ],
  [
    234,
    51
  ],
  [
    234,
    48
  ],
  [
    234,
    50
  ],
  [
    234,
    160
  ],
  [
    234,
    227
  ],
  [
    234,
    163
  ],
  [
    234,
    198
  ],
  [
    235,
    48
  ],
  [
    235,
    160
  ],
  [
    235,
    227
  ],
  [
    235,
    163
  ],
  [
    235,
    198
  ],
  [
    236,
    46
  ],
  [
    236,
    112
  ],
  [
    236,
    160
  ],
  [
    236,
    163
  ],
  [
    236,
    124
  ],
  [
    236,
    122
  ],
  [
    236,
    129
  ],
  [
    237,
    45
  ],
  [
    237,
    112
  ],
  [
    237,
    160
  ],
  [
    237,
    163
  ],
  [
    237,
    124
  ],
  [
    237,
    122
  ],
  [
    237,
    129
  ],
  [
    238,
    43
  ],
  [
    238,
    42
  ],
  [
    238,
    169
  ],
  [
    238,
    91
  ],
  [
    238,
    165
  ],
  [
    238,
    149
  ],
  [
    238,
    155
  ],
  [
    238,
    129
  ],
  [
    239,
    43
  ],
  [
    239,
    42
  ],
  [
    239,
    163
  ],
  [
    239,
    149
  ],
  [
    239,
    155
  ],
  [
    239,
    129
  ],
  [
    240,
    42
  ],
  [
    240,
    169
  ],
  [
    240,
    91
  ],
  [
    240,
    165
  ],
  [
    240,
    149
  ],
  [
    240,
    155
  ],
  [
    240,
    129
  ],
  [
    241,
    43
  ],
  [
    241,
    37
  ],
  [
    241,
    42
  ],
  [
    241,
    174
  ],
  [
    241,
    149
  ],
  [
    241,
    124
  ],
  [
    241,
    122
  ],
  [
    241,
    155
  ],
  [
    242,
    37
  ],
  [
    242,
    174
  ],
  [
    242,
    163
  ],
  [
    242,
    124
  ],
  [
    242,
    122
  ],
  [
    242,
    129
  ],
  [
    243,
    43
  ],
  [
    243,
    40
  ],
  [
    243,
    42
  ],
  [
    243,
    174
  ],
  [
    243,
    149
  ],
  [
    243,
    124
  ],
  [
    243,
    122
  ],
  [
    243,
    155
  ],
  [
    244,
    40
  ],
  [
    244,
    174
  ],
  [
    244,
    149
  ],
  [
    244,
    124
  ],
  [
    244,
    122
  ],
  [
    244,
    155
  ],
  [
    245,
    38
  ],
  [
    245,
    159
  ],
  [
    245,
    174
  ],
  [
    245,
    160
  ],
  [
    245,
    163
  ],
  [
    245,
    124
  ],
  [
    245,
    122
  ],
  [
    245,
    129
  ],
  [
    246,
    37
  ],
  [
    246,
    159
  ],
  [
    246,
    174
  ],
  [
    246,
    160
  ],
  [
    246,
    163
  ],
  [
    246,
    124
  ],
  [
    246,
    122
  ],
  [
    246,
    129
  ],
  [
    247,
    35
  ],
  [
    247,
    18
  ],
  [
    247,
    50
  ],
  [
    247,
    227
  ],
  [
    248,
    35
  ],
  [
    248,
    18
  ],
  [
    248,
    227
  ],
  [
    249,
    18
  ],
  [
    249,
    50
  ],
  [
    249,
    227
  ],
  [
    250,
    35
  ],
  [
    250,
    29
  ],
  [
    250,
    18
  ],
  [
    250,
    184
  ],
  [
    250,
    187
  ],
  [
    250,
    208
  ],
  [
    250,
    155
  ],
  [
    250,
    129
  ],
  [
    250,
    198
  ],
  [
    251,
    29
  ],
  [
    251,
    184
  ],
  [
    251,
    227
  ],
  [
    251,
    187
  ],
  [
    251,
    208
  ],
  [
    251,
    155
  ],
  [
    251,
    129
  ],
  [
    251,
    198
  ],
  [
    252,
    35
  ],
  [
    252,
    32
  ],
  [
    252,
    18
  ],
  [
    252,
    184
  ],
  [
    252,
    187
  ],
  [
    252,
    208
  ],
  [
    252,
    155
  ],
  [
    252,
    129
  ],
  [
    252,
    198
  ],
  [
    253,
    32
  ],
  [
    253,
    184
  ],
  [
    253,
    187
  ],
  [
    253,
    34
  ],
  [
    253,
    208
  ],
  [
    253,
    155
  ],
  [
    253,
    129
  ],
  [
    253,
    198
  ],
  [
    254,
    30
  ],
  [
    254,
    23
  ],
  [
    254,
    184
  ],
  [
    254,
    187
  ],
  [
    255,
    29
  ],
  [
    255,
    23
  ],
  [
    255,
    184
  ],
  [
    255,
    187
  ],
  [
    256,
    23
  ],
  [
    256,
    227
  ],
  [
    256,
    208
  ],
  [
    256,
    155
  ],
  [
    256,
    129
  ],
  [
    256,
    198
  ],
  [
    257,
    32
  ],
  [
    257,
    15
  ],
  [
    257,
    184
  ],
  [
    257,
    187
  ],
  [
    257,
    208
  ],
  [
    257,
    155
  ],
  [
    257,
    74
  ],
  [
    257,
    129
  ],
  [
    257,
    198
  ],
  [
    258,
    15
  ],
  [
    258,
    184
  ],
  [
    258,
    187
  ],
  [
    258,
    208
  ],
  [
    258,
    155
  ],
  [
    258,
    74
  ],
  [
    258,
    129
  ],
  [
    258,
    198
  ],
  [
    259,
    32
  ],
  [
    259,
    27
  ],
  [
    259,
    184
  ],
  [
    259,
    187
  ],
  [
    259,
    208
  ],
  [
    259,
    155
  ],
  [
    259,
    74
  ],
  [
    259,
    129
  ],
  [
    259,
    198
  ],
  [
    260,
    40
  ],
  [
    260,
    12
  ],
  [
    260,
    174
  ],
  [
    260,
    124
  ],
  [
    260,
    122
  ],
  [
    260,
    143
  ],
  [
    261,
    12
  ],
  [
    261,
    174
  ],
  [
    261,
    124
  ],
  [
    261,
    122
  ],
  [
    261,
    143
  ],
  [
    262,
    40
  ],
  [
    262,
    25
  ],
  [
    262,
    174
  ],
  [
    262,
    124
  ],
  [
    262,
    122
  ],
  [
    262,
    143
  ],
  [
    263,
    48
  ],
  [
    263,
    9
  ],
  [
    263,
    160
  ],
  [
    263,
    163
  ],
  [
    263,
    208
  ],
  [
    263,
    155
  ],
  [
    263,
    129
  ],
  [
    264,
    9
  ],
  [
    264,
    160
  ],
  [
    264,
    163
  ],
  [
    264,
    208
  ],
  [
    264,
    155
  ],
  [
    264,
    129
  ],
  [
    265,
    48
  ],
  [
    265,
    23
  ],
  [
    265,
    160
  ],
  [
    265,
    163
  ],
  [
    265,
    208
  ],
  [
    265,
    155
  ],
  [
    265,
    129
  ],
  [
    266,
    56
  ],
  [
    266,
    6
  ],
  [
    266,
    146
  ],
  [
    266,
    149
  ],
  [
    266,
    193
  ],
  [
    266,
    208
  ],
  [
    267,
    6
  ],
  [
    267,
    146
  ],
  [
    267,
    149
  ],
  [
    267,
    193
  ],
  [
    267,
    208
  ],
  [
    268,
    56
  ],
  [
    268,
    21
  ],
  [
    268,
    146
  ],
  [
    268,
    149
  ],
  [
    268,
    193
  ],
  [
    268,
    208
  ],
  [
    269,
    64
  ],
  [
    269,
    3
  ],
  [
    269,
    133
  ],
  [
    269,
    143
  ],
  [
    269,
    74
  ],
  [
    269,
    129
  ],
  [
    269,
    198
  ],
  [
    270,
    3
  ],
  [
    270,
    133
  ],
  [
    270,
    143
  ],
  [
    270,
    74
  ],
  [
    270,
    129
  ],
  [
    270,
    198
  ],
  [
    271,
    64
  ],
  [
    271,
    16
  ],
  [
    271,
    15
  ],
  [
    271,
    133
  ],
  [
    271,
    143
  ],
  [
    271,
    74
  ],
  [
    271,
    129
  ],
  [
    271,
    198
  ],
  [
    272,
    16
  ],
  [
    272,
    15
  ],
  [
    272,
    189
  ],
  [
    272,
    208
  ],
  [
    272,
    155
  ],
  [
    272,
    74
  ],
  [
    272,
    129
  ],
  [
    272,
    198
  ],
  [
    273,
    72
  ],
  [
    273,
    0
  ],
  [
    273,
    119
  ],
  [
    273,
    122
  ],
  [
    273,
    129
  ],
  [
    273,
    198
  ],
  [
    274,
    0
  ],
  [
    274,
    119
  ],
  [
    274,
    122
  ],
  [
    274,
    129
  ],
  [
    274,
    198
  ],
  [
    275,
    72
  ],
  [
    275,
    18
  ],
  [
    275,
    119
  ],
  [
    275,
    122
  ],
  [
    275,
    129
  ],
  [
    275,
    198
  ],
  [
    276,
    79
  ],
  [
    276,
    16
  ],
  [
    276,
    15
  ],
  [
    276,
    189
  ],
  [
    276,
    208
  ],
  [
    276,
    155
  ],
  [
    276,
    74
  ],
  [
    276,
    129
  ],
  [
    276,
    198
  ],
  [
    277,
    79
  ],
  [
    277,
    15
  ],
  [
    277,
    189
  ],
  [
    277,
    208
  ],
  [
    277,
    155
  ],
  [
    277,
    74
  ],
  [
    277,
    129
  ],
  [
    277,
    198
  ],
  [
    278,
    86
  ],
  [
    278,
    13
  ],
  [
    278,
    12
  ],
  [
    278,
    134
  ],
  [
    279,
    86
  ],
  [
    279,
    12
  ],
  [
    279,
    134
  ],
  [
    280,
    93
  ],
  [
    280,
    10
  ],
  [
    280,
    9
  ],
  [
    280,
    165
  ],
  [
    280,
    208
  ],
  [
    280,
    155
  ],
  [
    280,
    129
  ],
  [
    281,
    93
  ],
  [
    281,
    9
  ],
  [
    281,
    165
  ],
  [
    281,
    208
  ],
  [
    281,
    155
  ],
  [
    281,
    129
  ],
  [
    282,
    100
  ],
  [
    282,
    7
  ],
  [
    282,
    6
  ],
  [
    282,
    151
  ],
  [
    282,
    193
  ],
  [
    282,
    208
  ],
  [
    283,
    100
  ],
  [
    283,
    6
  ],
  [
    283,
    151
  ],
  [
    283,
    193
  ],
  [
    283,
    208
  ],
  [
    284,
    107
  ],
  [
    284,
    4
  ],
  [
    284,
    3
  ],
  [
    284,
    138
  ],
  [
    284,
    143
  ],
  [
    284,
    74
  ],
  [
    284,
    129
  ],
  [
    284,
    198
  ],
  [
    285,
    107
  ],
  [
    285,
    3
  ],
  [
    285,
    138
  ],
  [
    285,
    143
  ],
  [
    285,
    74
  ],
  [
    285,
    129
  ],
  [
    285,
    198
  ],
  [
    286,
    114
  ],
  [
    286,
    1
  ],
  [
    286,
    124
  ],
  [
    286,
    122
  ],
  [
    286,
    129
  ],
  [
    286,
    198
  ],
  [
    287,
    114
  ],
  [
    287,
    0
  ],
  [
    287,
    124
  ],
  [
    287,
    122
  ],
  [
    287,
    129
  ],
  [
    287,
    198
  ]
]
