---
source: mars-core/src/lib.rs
expression: reduction.U_t(dim).__str__()
---
|×                                                                                                                                                                                                                                                                                               |
| ×                                                                                                                                                                                                                                                                                              |
|×××                                                                                                                                                                                                                                                                                             |
|   ×                                                                                                                                                                                                                                                                                            |
|    ×                                                                                                                                                                                                                                                                                           |
|××  ××                                                                                                                                                                                                                                                                                          |
|      ×                                                                                                                                                                                                                                                                                         |
|×     ××                                                                                                                                                                                                                                                                                        |
|×  ×  × ×                                                                                                                                                                                                                                                                                       |
|         ×                                                                                                                                                                                                                                                                                      |
|          ×                                                                                                                                                                                                                                                                                     |
|         × ×                                                                                                                                                                                                                                                                                    |
|           ××                                                                                                                                                                                                                                                                                   |
|             ×                                                                                                                                                                                                                                                                                  |
|   ×         ××                                                                                                                                                                                                                                                                                 |
|          ×    ×                                                                                                                                                                                                                                                                                |
|                ×                                                                                                                                                                                                                                                                               |
|          ×    ×××                                                                                                                                                                                                                                                                              |
|××  ×     ×       ×                                                                                                                                                                                                                                                                             |
|                   ×                                                                                                                                                                                                                                                                            |
|                    ×                                                                                                                                                                                                                                                                           |
|         ×          ××                                                                                                                                                                                                                                                                          |
|                      ×                                                                                                                                                                                                                                                                         |
| ×                    ××                                                                                                                                                                                                                                                                        |
|                        ×                                                                                                                                                                                                                                                                       |
|          ×             ××                                                                                                                                                                                                                                                                      |
|                          ×                                                                                                                                                                                                                                                                     |
|                           ×                                                                                                                                                                                                                                                                    |
| ×           ×        ×     ×                                                                                                                                                                                                                                                                   |
|   ×         ×             × ×                                                                                                                                                                                                                                                                  |
|          ×    ×        ×     ×                                                                                                                                                                                                                                                                 |
|         ×××   ×        ×      ×                                                                                                                                                                                                                                                                |
|                ×         ×     ×                                                                                                                                                                                                                                                               |
|           ×    ×         ×      ×                                                                                                                                                                                                                                                              |
|××  × ×        ××  ×              ×                                                                                                                                                                                                                                                             |
|××  × ×   ×        ×               ×                                                                                                                                                                                                                                                            |
|                                    ×                                                                                                                                                                                                                                                           |
|      ×            ×                 ×                                                                                                                                                                                                                                                          |
|                                      ×                                                                                                                                                                                                                                                         |
|                                       ×                                                                                                                                                                                                                                                        |
|                                        ×                                                                                                                                                                                                                                                       |
|                                         ×                                                                                                                                                                                                                                                      |
|                                          ×                                                                                                                                                                                                                                                     |
|                                           ×                                                                                                                                                                                                                                                    |
|                                          ×××                                                                                                                                                                                                                                                   |
|                                             ×                                                                                                                                                                                                                                                  |
|                                              ×                                                                                                                                                                                                                                                 |
|                           ×                  ××                                                                                                                                                                                                                                                |
|                                                ×                                                                                                                                                                                                                                               |
|                                    ×  ×         ×                                                                                                                                                                                                                                              |
|×  ×  ×                    ×           ×      ×   ×                                                                                                                                                                                                                                             |
|×  ×  ×                    ×        ×         ×  × ×                                                                                                                                                                                                                                            |
|×  ×  ×                    ×                  ×  ×  ×                                                                                                                                                                                                                                           |
|                                    ×     ××         ×                                                                                                                                                                                                                                          |
|                                        ×             ×                                                                                                                                                                                                                                         |
|                                      × ×    ×         ×                                                                                                                                                                                                                                        |
|                                      ×      ×        × ×                                                                                                                                                                                                                                       |
|          ×             ×               ×             ×  ×                                                                                                                                                                                                                                      |
|    ×                                 ×      ×        ×   ×                                                                                                                                                                                                                                     |
|                                      ×  ×      ×          ×                                                                                                                                                                                                                                    |
|                                      ×         ×           ×                                                                                                                                                                                                                                   |
|                                      × ×                    ×                                                                                                                                                                                                                                  |
|×  ×  ×                                ×                      ×                                                                                                                                                                                                                                 |
|                                                               ×                                                                                                                                                                                                                                |
|                                                                ×                                                                                                                                                                                                                               |
|                    ×                                           ××                                                                                                                                                                                                                              |
|                                                                  ×                                                                                                                                                                                                                             |
|                                          ×                       ××                                                                                                                                                                                                                            |
|                                                                    ×                                                                                                                                                                                                                           |
|××  × ×        ××                   ×            ×                  ××                                                                                                                                                                                                                          |
|                                                                      ×                                                                                                                                                                                                                         |
|                                             ×                        ××                                                                                                                                                                                                                        |
|                   ×                ×            ×                  ×   ×                                                                                                                                                                                                                       |
|                                    ×  ×         ×                  ×    ×                                                                                                                                                                                                                      |
|         × ×   ×                                      ×        ×          ×                                                                                                                                                                                                                     |
|           ×   ×    ×                                 ×        ×           ×                                                                                                                                                                                                                    |
|                                      ×  ×      ×              ×            ×                                                                                                                                                                                                                   |
|                                                                             ×                                                                                                                                                                                                                  |
|                                       ×                                     ××                                                                                                                                                                                                                 |
|                                                                               ×                                                                                                                                                                                                                |
|                                        ×                                      ××                                                                                                                                                                                                               |
|                   ×                                                         ×   ×                                                                                                                                                                                                              |
|                                                               ×               ×  ×                                                                                                                                                                                                             |
|                                                                                   ×                                                                                                                                                                                                            |
|                                                                                    ×                                                                                                                                                                                                           |
|                                                                                     ×                                                                                                                                                                                                          |
|                                                                    ×                ××                                                                                                                                                                                                         |
|××  × ×        ××                   ×            ×                  ×                × ×                                                                                                                                                                                                        |
|××  × ×        ××         ×         ×            ×                  ×                ×  ×                                                                                                                                                                                                       |
|                                                                                         ×                                                                                                                                                                                                      |
|                                                                      ×                  ××                                                                                                                                                                                                     |
|                                                                                           ×                                                                                                                                                                                                    |
|                                                                                            ×                                                                                                                                                                                                   |
|                                              ×                                             ××                                                                                                                                                                                                  |
|                                                                                              ×                                                                                                                                                                                                 |
|                                          ×                       ×                           ××                                                                                                                                                                                                |
|                                                                                                ×                                                                                                                                                                                               |
|   ×         ×             ×                                                                    ××                                                                                                                                                                                              |
|                                             ×  ×                     ×                    ×      ×                                                                                                                                                                                             |
|                                                ×                                          ×       ×                                                                                                                                                                                            |
|         × ×   ×                                      ×                        ×                    ×                                                                                                                                                                                           |
|          ×             ×                             ×                        ×                     ×                                                                                                                                                                                          |
|                                    ×            ×                  ×        ×                        ×                                                                                                                                                                                         |
|                                    ×     ××                        ×                ×                 ×                                                                                                                                                                                        |
|×  ×  ×                    ×                     ×                ×                         ×           ×                                                                                                                                                                                       |
|×  ×  ×                    ×                     ×                                          ×            ×                                                                                                                                                                                      |
|    ×                 ×               ×      ×        ×               ×                  ×                ×                                                                                                                                                                                     |
|    ×                                 ×      ×        ×               ×                  ×                 ×                                                                                                                                                                                    |
|                                                                                                            ×                                                                                                                                                                                   |
|                                                                                    ×           ×            ×                                                                                                                                                                                  |
|                                                                                                ×            ××                                                                                                                                                                                 |
|                                                                                                               ×                                                                                                                                                                                |
|           ×   ×    ×                 ×  ×      ×     ×                                                     ×  ××                                                                                                                                                                               |
|           ×   ×    ×                 ×  ×      ×     ×                                                     ×    ×                                                                                                                                                                              |
|           ×   ×                      ×  ×      ×     ×         ×                                           ×  ×  ×                                                                                                                                                                             |
|                                      ×  ×      ×              ×                                            ×      ×                                                                                                                                                                            |
|                                                                                                                    ×                                                                                                                                                                           |
|                                                                ×                                                   ××                                                                                                                                                                          |
|                                                                                                                      ×                                                                                                                                                                         |
|                                                                                   ×                                  ××                                                                                                                                                                        |
|           ×    ×         ×                                     ×                                                   ×   ×                                                                                                                                                                       |
|                                                                                                                         ×                                                                                                                                                                      |
|                                                                                                                          ×                                                                                                                                                                     |
|                                                                                   ×                                      ××                                                                                                                                                                    |
|                                                                                                                            ×                                                                                                                                                                   |
|                                                                                    ×                                       ××                                                                                                                                                                  |
|                                                                                                                              ×                                                                                                                                                                 |
|                                         ×                                                                                    ××                                                                                                                                                                |
|                                                                                                                                ×                                                                                                                                                               |
|                                                                                                                                 ×                                                                                                                                                              |
|                                          ×                       ×                           ×                                  ××                                                                                                                                                             |
|                                                                                                ×                           ×      ×                                                                                                                                                            |
| ×           ×        ×                                                                         ×                           ×       ×                                                                                                                                                           |
|   ×         ×             ×                                                                ×                ×        ×  ×           ×                                                                                                                                                          |
|   ×         ×             ×                                                                                 ×        ×  ×            ×                                                                                                                                                         |
|                                                                                                ×            ×        ×  ×             ×                                                                                                                                                        |
|                                                                                                                                        ×                                                                                                                                                       |
|                                         ×                                                                  ×                 × ×        ×                                                                                                                                                      |
|                                                                                                            ×                   ×         ×                                                                                                                                                     |
|                                                                                   ××           ×            ×            ×                ×                                                                                                                                                    |
|                                                                                                                      ×  ×                  ×                                                                                                                                                   |
|                                                                                                                                             ×                                                                                                                                                  |
|                                           ×                                                                                                 ××                                                                                                                                                 |
|                                                                                   ×                                  ×                 ×      ×                                                                                                                                                |
|                                          ××                      ×                           ×                                  ×           ×  ×                                                                                                                                               |
|                                                                                                                                                 ×                                                                                                                                              |
|                                                                                                                                                  ×                                                                                                                                             |
|                                                                                                                                                   ×                                                                                                                                            |
|××  × ×    ×   ×                          ××     ×              ×                                                   ×                        ×     ××                                                                                                                                           |
|                                                                                                                                                     ×                                                                                                                                          |
|                                                                                                                              ×                      ××                                                                                                                                         |
|                                                                                                                                                       ×                                                                                                                                        |
|                                                                                                                                ×                      ××                                                                                                                                       |
|                                                                                                                                                         ×                                                                                                                                      |
|                                                                                                                                                 ×       ××                                                                                                                                     |
|                                                                                                                                                           ×                                                                                                                                    |
|                                                                                           ×                                  ×                      ×      ×                                                                                                                                   |
|                                                                                                                                                             ×                                                                                                                                  |
|                                                                                                                                                              ×                                                                                                                                 |
|×     ×      ×                                   ×                ×                           ×              ×        ×                           ×            ×                                                                                                                                |
|×     ×      ×                                   ×                ×                                          ×        ×                           ×             ×                                                                                                                               |
|                                                                                                                                 ×                           ×   ×                                                                                                                              |
|                                                                                                                                                                  ×                                                                                                                             |
|                                                                                         ×                                                                        ××                                                                                                                            |
|                                                                                                                                        ×                  ×        ×                                                                                                                           |
|                                                                                                                                                                     ×                                                                                                                          |
|                                                                                                                                                 ×       ×           ××                                                                                                                         |
| ×  ×        ×                        ×      ×        ×               ×             ×    ×      ×                                                                 ×    ×                                                                                                                        |
| ×  ×        ×                        ×      ×        ×               ×                  ×      ×                           ×                                     ×     ×                                                                                                                       |
|                                                                                                               ×                                       ×                 ×                                                                                                                      |
|××  × ×    ×   ×                          ××     ×              ×                                                   ×                              ×                      ×                                                                                                                     |
|××  × ×    ×   ×                    ×            ×              ×   ×                ×                              ×                              ×                       ×                                                                                                                    |
|                                                                                                                                                                            ×                                                                                                                   |
|                                                                                                                                                 ×                          ××                                                                                                                  |
|           ×    ×         ×                                     ×                                                   ×                              ×                          ×                                                                                                                 |
|                                                                                   ×                                  ×                 ×         ×                            ×                                                                                                                |
|                                                                                                                                                 ×            ×             ×   ×                                                                                                               |
|                                                                                                                                                                                 ×                                                                                                              |
|                                                                                                                                                  ×                              ××                                                                                                             |
|                                                                                                                         ×                                                       × ×                                                                                                            |
|                                                                                                                                                                                    ×                                                                                                           |
|                                                                                                                                                                                     ×                                                                                                          |
|                                                                                                                          ×                                                          ××                                                                                                         |
|                                                                                                                                                         ×           ×              ×  ×                                                                                                        |
|                                                                                                                                                                                        ×                                                                                                       |
|                                                                                                                                                                                         ×                                                                                                      |
|                                                                                                                                                                                        ×××                                                                                                     |
|                                                                                                                          ×                                ×                         ×     ×                                                                                                    |
|                                                                                                                                                                                            ×                                                                                                   |
|                                                                                                                                                              ×                             ××                                                                                                  |
|                                                                                   ×                                  ×                 ×         ×                                      ×    ×                                                                                                 |
|×     ×      ×                                   ×                ×                ×          ×              ×                          ×                                                ×     ×                                                                                                |
|×     ×      ×                                   ×                ×                                          ×        ×                                                          ×              ×                                                                                               |
|×     ×      ×                                   ×                ×                ×          ×              ×                   ×      ×                    ×                           ×       ×                                                                                              |
|                                                                                                                                                                                                  ×                                                                                             |
| ×           ×        ×                                                                         ×                           ×                                                                     ××                                                                                            |
|   ×         ×             ×                                                                ×                ×        ×                                                          ×                  ×                                                                                           |
|                                                                                                                                                                                                     ×                                                                                          |
|                                             ×  ×                     ×                    ×                                                                                                         ××                                                                                         |
|    ×                 ×               ×      ×        ×               ×                  ×                                                                        ×                               ×    ×                                                                                        |
|    ×                 ×               ×      ×        ×               ×                  ×                                                                                                        ×     ×                                                                                       |
|                                             ×  ×                     ×                  × ×                                                                      ×                                  ×   ×                                                                                      |
|                                                                                                                                        ×                  ×                            ××                ×                                                                                     |
|                                                                                                                                                 ×                                  ×  ×                   ×                                                                                    |
| ×  ×        ×                        ×         ×     ×                             ×      ×    ×                                                                                                    ×      ×                                                                                   |
| ×  ×        ×                        ×         ×     ×                            ×       ×                 ×            ×                                                                          ×       ×                                                                                  |
|           ×   ×                      ×  ×      ×     ×         ×                                           ×  ×                                                                    ×                         ×                                                                                 |
|                                                                                                                                                                                                               ×                                                                                |
|                                                                                                                                                                                                                ×                                                                               |
|                                                                                                                                                 ×                          ×       ×  ×                       × ×                                                                              |
|                                                                                                                                                 ×                          ×          ×                       ×  ×                                                                             |
|                                                                                                                                                                                                                   ×                                                                            |
|                                                                                                                                                         ×                                                         ××                                                                           |
|           ×   ×                      ×  ×      ×     ×         ×                                           ×  ×    ×                                                               ×                           ×    ×                                                                          |
|           ×   ×                      ×  ×      ×     ×         ×                                           ×  ×    ×                                    ×           ×                 ×                        ×     ×                                                                         |
|                                                                                                                                                                                                                       ×                                                                        |
|                                                                                                                                                         ×                                  ×                      ×    ×                                                                       |
|                                                                                                                                                              ×                             ×                          × ×                                                                      |
|                                                                                                               ×                                 ×     ×                    ×          ×                       ×          ×                                                                     |
|                                                                                                                    ×                                                                                           ×          ×                                                                    |
|                                                                                                                                                                            ×                                  ×            ×                                                                   |
|                                                                                                                                                                                                                             ×                                                                  |
|                                                                                                                                                                                                                              ×                                                                 |
|                                                                                                                                                                                                                               ×                                                                |
|                                                                                                                                                             ×                                                                 ××                                                               |
|                                                                                                                                                                                                                                 ×                                                              |
|                                                                                                                                                                                                                       ×         ××                                                             |
|××  × ×                               ×  ×××    ××    ×                                                     ×  ×                             ×           ×           ×                 ×                                      ×    ×                                                            |
|                                          ××                      ×                           ×                                  ×           ×               ×                                                                ××    ×                                                           |
|××  × ×                               ×  ×      ××    ×           ×                           ×             ×  ×                 ×                       ×   ×       ×                 ×                                       ×     ×                                                          |
|××  × ×    ×   ×                          ××     ×              ×                                                   ×                        ×                                                                  ×             ×       ×                                                         |
|××  × ×                               ×  ×      ××    ×           ×                           ×             ×  ×                 ×                       ×   ×                         ×                                       ×       ×                                                        |
|                                                                                                               ×                ×                ×                          ×          ×                                     ×          ×                                                       |
|                                                                                                                                                 ×            ×             ×                                          ×     ×   ×       ×                                                      |
|                                                                                                               ×                ×                             ×                        ×                               ×         ×        ×                                                     |
|                                                                                                               ×                                 ×     ×                    ×          ×                                     ×             ×                                                    |
|                                         ×                                                                  ×  ×              ×                               ×                        ×                               ×         ×          ×                                                   |
|                                          ××                      ×                           ×                                  ×           ×                                                                                ×              ×                                                  |
|                                                                                                                                                 ×            ×             ×                                                ×                ×                                                 |
|                                                                                                                                                                                                                                               ×                                                |
|                                                                                                                                                                                        ×                                                      ××                                               |
|×     ×      ×                                   ×                ×                ×          ×              ×                   ×      ×                    ×                          ××                                                     × ×                                              |
|                                                                                                                                                                                                                                                  ×                                             |
|                                                                                                                                                                                                     ×                                            ××                                            |
|                                                                                           ×                                  ×                      ×                                                                                            × ×                                           |
| ×  ×        ×                        ×         ×     ×                            ×       ×                 ×            ×                                                          ×                                                            ×  ×                                          |
| ×  ×        ×                        ×         ×     ×                            ×       ×                 ×            ×                                                                                                                       ×   ×                                         |
|                                                                                                                                                                                                                                                       ×                                        |
|                                                                                                                                                                                                                             ×                         ××                                       |
|                                                                                                                                                                                                                                                         ×                                      |
|                                                                                                                                                                                                                              ×                          ××                                     |
|××  × ×    ×   ×                          ××     ×              ×                                                   ×                        ×                                                                                                           × ×                                    |
|××  × ×    ×   ×                          ××     ×              ×                                                   ×                        ×     ×                                                                                                     ×  ×                                   |
|                                                                                                                                                                                                               ×                                       ×     ×                                  |
|××  × ×    ×   ×                          ××     ×              ×                                                   ×                        ×                                                                  ×                                        ×    ×                                 |
|                                                                                                                                                                                                                                                               ×                                |
|                                                                                                                                                                                                                               ×                               ××                               |
|                                                                                                                                                                                                                                                                 ×                              |
|                                                                                                                                                                                                                                 ×                               ××                             |
|                                                                                                                                                                                                                                                                   ×                            |
|                                                                                                                                                              ×                             ×                          ×                                           ××                           |
|×     ×      ×                                   ×                ×                ×          ×              ×                   ×      ×                    ×                          ××                                                     ×               ×     ×                          |
| ×  ×        ×                        ×  ×      ×     ×                            ×                        ×× ×                                           ×                           ×    ×                                                                      ×  ×                         |
| ×  ×        ×                        ×  ×      ×     ×                            ×                        ×× ×                        ×                                              ×××  ×                                                                      ×   ×                        |
|××  × ×                               ×  ×      ××    ×           ×                           ×             ×  ×                 ×                       ×   ×                         ×                           ×                                           ×        ×                       |
|××  × ×                               ×  ×      ××    ×           ×                           ×             ×  ×                 ×                       ×   ×                         ×                                                                       ×         ×                      |
|                                                                                                               ×                                 ×     ×                    ×          ×                                                               ×                  ×                     |
|                                         ×                                                                  ×  ×              ×                      ×        ×                        ×                               ×                                         ×         ×                    |
|                                         ×                                                                  ×  ×              ×                               ×                        ×                               ×                                         ×          ×                   |
|                                                                                                                                                                                                                                                                             ×                  |
|                                                                                                                                                                                                                                                                   ×         ××                 |
|                                                                                                                                                         ×                                  ×                      ×                                                         × ×                |
|                                                                                                                                                                                                                                                                                ×               |
|                                                                                                                                                                                                                                                                 ×              ××              |
|                                                                                                                                                              ×                             ×                          ×                                         × ×            × ×             |
| ×  ×        ×                        ×  ×      ×     ×                            ×                        ×× ×                                           ×  ×                        ×                               ×                                         ×              ×  ×            |
| ×  ×        ×                        ×  ×      ×     ×                            ×                        ×× ×          ×                                   ×                      × ×                               ×                                         ×              ×   ×           |
| ×  ×        ×                        ×  ×      ×     ×                            ×                        ×× ×                        ×                                              ×××  ×                                                  ×                             ×       ×          |
| ×  ×        ×                        ×  ×      ×     ×                            ×                        ×× ×                        ×                                              ×××  ×                                                                                ×        ×         |
|                                                                                                                                                                                                                                                                                       ×        |
|                                                                                                                                                         ×                                  ×                      ×                                                         ×         ××       |
|                                                                                                                                                                                                                                                                                         ×      |
|                                                                                                                                                                                                                                                                                ×        ××     |
| ×  ×        ×                        ×  ×      ×     ×                            ×                        ×× ×                        ×                ×                             ×××                         ×                           ×                                       ×   ×    |
|××  × ×                               ×  ×      ××    ×           ×                           ×             ×  ×                 ×                       ×   ×                         ×                           ×                                           ×                       ×    ×   |
|                                         ×                                                                  ×  ×              ×                      ×        ×                        ×                               ×                                         ×              ×        ×   ×  |
|                                         ×                                                 ×                ×  ×                                              ×                        ×                               ×                          ×              ×              ×        ×    × |
| ×  ×        ×                        ×  ×      ×     ×                            ×                        ×× ×          ×                                   ×                      × ×                               ×                                         ×              ×        ×     ×|
