---
source: mars-core/src/sneaky_matrix.rs
expression: boundary_1.__str__()
---
|××     ×         ×          ×                                                                                                                                                                                                                                                                   |
|× ×                                                                                                                                                                                                                                                                                             |
| ×                       ×                 ×                                                                                                                                                                                                                                                    |
|     ××              ×      ×                                                                                                                                                                                                                                                                   |
|  ×                            ×               ×                                                                                                                                                                                                                                                |
|     ×   ×             ×           ×                                                                                                                                                                                                                                                            |
|      ×                                                                                                                                                                                                                                                                                         |
|       ×    ×                        ×                                                                                                                                                                                                                                                          |
|              ××                           ×                                                                                                                                                                                                                                                    |
|         ×                                                ×                                                                                                                                                                                                                                     |
|            ×              ×                                                           ×                                                                                                                                                                                                        |
|              ×    ×                                ×             ×                                                                                                                                                                                                                             |
|               ×                                                 ×                                                   ×                                                                                                                                                                          |
|                 ×                                                                                                ×                                                                                                                                                                             |
|                   ×                                                    ×                                                                                                                                                                                                                       |
|                     ×                                       ×                                             ×                                                                   ×                                                                                                                |
|                       ×                                                       ×                                                                                                                                                                                                                |
|                         ×               ×                                                                                                                                                                                                                                                      |
|                           ×                                                                                                                                                                                                                                                                    |
|                               ×                                                                                                                                                                                                                                                                |
|                                             ××                                        × ×                                                                                                                                                                                                      |
|                                   ×                                                                                                                                               ×  ×       ×                                                                                                 |
|                                     ×                                                                                                                                                                                                                                                          |
|                                        ××                                                 ×                                                                                                                                                                                                    |
|                                        ×                                                                                                                                                                                                                                                       |
|                                             ×         ×                                         ×          ×                                                                                                                                                                                   |
|                                              ×                                      ×                                                                                                                                                                                                          |
|                                               ×                                                                                                                                                                                                                                                |
|                                                    ×                                                                     ×                                                                                                                                                                     |
|                                                       ×                                                                       ×                                                                                                                                                                |
|                                                          ×                                                                                                                                                                                                 ×                                   |
|                                                             ×                                                                                                                                                                                                                                  |
|                                                                       ×         ×                   ×            ×                                                                                                                                                                             |
|                                                                 ×                                                                                                                                                                                                                              |
|                                                                  ×                                                                                                                                                                                                                             |
|                                                                       ×           ×                  ×                                 ×                                                                                                                                                       |
|                                                                        × ×                                                                    ×                                                                                                                                                |
|                                                                          ×                                                                                                                                                                                                                     |
|                                                                                 ×                                                     ×                           ×                                                    ×                                                                       |
|                                                                               ×                                                  ×                                                         ×                                                                                                   |
|                                                                                   ×                                                                         ×                                                                                                                                  |
|                                                                                     ×        ×                                                                                                                                                                                                 |
|                                                                                                ×                                             ×        ×                              ×                                                                                                         |
|                                                                                         ×                                                            ×                                                        ×                                   ×                                            |
|                                                                                           ×                                                                                                                                                                                                    |
|                                                                                              ×                                                                                                                                                                                                 |
|                                                                                                ×        ×                                                                                                                                                                                      |
|                                                                                                 ×                                                                                ×                                                                                                             |
|                                                                                                     ×           ×                                                                                                                                                                              |
|                                                                                                      ×                                                                                  ×                                                                                                      |
|                                                                                                         ×                  ×                                                                                                                                                                   |
|                                                                                                           ×                                                                                                                                                                                    |
|                                                                                                            ×                                                                                                                        ×       ×                                                  |
|                                                                                                                 ×                                             ×                                                                                                                                |
|                                                                                                                     ×                                                                                                                                                                          |
|                                                                                                                          ×                                                                                                                                                                     |
|                                                                                                                            ×                                                                       ×     ×                                                                                     |
|                                                                                                                                  ×                                                                                                                                                             |
|                                                                                                                               ×                                                                                                                                                                |
|                                                                                                                                       ×                                                                                                                                                        |
|                                                                                                                                        ×                                                                                                                                                       |
|                                                                                                                                               ×                                                                                                                                                |
|                                                                                                                                              ×    ×                                                    ×                                                                                       |
|                                                                                                                                                   ×                                                                                                                                            |
|                                                                                                                                                      ×                                                                                                                                         |
|                                                                                                                                                       ×                    ×                                                                                                                   |
|                                                                                                                                                             ×         ×                                                         ×                                                              |
|                                                                                                                                                               ×                                                                                                                                |
|                                                                                                                                                                   ×                                                                                                                            |
|                                                                                                                                                                       ×                                                                                                                        |
|                                                                                                                                                                            ×                                                            ×                      ×                      ×        |
|                                                                                                                                                                               ×                                                                                                                |
|                                                                                                                                                                                   ×                                                                                                            |
|                                                                                                                                                                                  ×                                         ×                                        ×                          |
|                                                                                                                                                                                         ×                                                                                                  ×   |
|                                                                                                                                                                                              ×                                                                                                 |
|                                                                                                                                                                                            ×                   ×                                                                               |
|                                                                                                                                                                                                    ×                                                                                           |
|                                                                                                                                                                                                        ×                                             ×                                         |
|                                                                                                                                                                                                          ×                                                                                     |
|                                                                                                                                                                                                                ×                                                                 ×             |
|                                                                                                                                                                                                               ×                                                                                |
|                                                                                                                                                                                                                        ×                                                                       |
|                                                                                                                                                                                                                            ×                                                                   |
|                                                                                                                                                                                                                                 ×                                                              |
|                                                                                                                                                                                                                                     ×                                                          |
|                                                                                                                                                                                                                                         ×                                                      |
|                                                                                                                                                                                                                                             ×                                                  |
|                                                                                                                                                                                                                                                   ×                                            |
|                                                                                                                                                                                                                                                      ×                      ×                  |
|                                                                                                                                                                                                                                                            ×                                   |
|                                                                                                                                                                                                                                                                ×                               |
|                                                                                                                                                                                                                                                                     ×   ×                      |
|                                                                                                                                                                                                                                                                         ×                      |
|                                                                                                                                                                                                                                                                             ×                  |
|                                                                                                                                                                                                                                                                                  ×             |
|                                                                                                                                                                                                                                                                                       ×        |
|                                                                                                                                                                                                                                                                                            ×   |
